 pathman

 Timestamp is 5de62ac7 (Tue Dec  3 09:28:39 2019)

 Preferred load address is 0000000140000000

 Start         Length     Name                   Class
 0001:00000000 000027bdH .text$mn                CODE
 0002:00000000 00000110H .idata$5                DATA
 0002:00000110 00001424H .rdata                  DATA
 0002:00001534 0000014cH .rdata$zzzdbg           DATA
 0002:00001680 00000100H .xdata                  DATA
 0002:00001780 00000000H .edata                  DATA
 0002:00001780 0000008cH .idata$2                DATA
 0002:0000180c 00000014H .idata$3                DATA
 0002:00001820 00000108H .idata$4                DATA
 0002:00001928 00000248H .idata$6                DATA
 0003:00000000 00000018H .data                   DATA
 0003:00000018 00000010H .bss                    DATA
 0004:00000000 0000018cH .pdata                  DATA

  Address         Publics by Value              Rva+Base               Lib:Object

 0000:00000000       ___safe_se_handler_count   0000000000000000     <absolute>
 0000:00000000       __guard_iat_count          0000000000000000     <absolute>
 0000:00000000       __hybrid_code_map          0000000000000000     <absolute>
 0000:00000000       __hybrid_code_map_count    0000000000000000     <absolute>
 0000:00000000       __guard_fids_count         0000000000000000     <absolute>
 0000:00000000       __dynamic_value_reloc_table 0000000000000000     <absolute>
 0000:00000000       __guard_longjmp_count      0000000000000000     <absolute>
 0000:00000000       __guard_longjmp_table      0000000000000000     <absolute>
 0000:00000000       __volatile_metadata        0000000000000000     <absolute>
 0000:00000000       __guard_iat_table          0000000000000000     <absolute>
 0000:00000000       __enclave_config           0000000000000000     <absolute>
 0000:00000000       ___safe_se_handler_table   0000000000000000     <absolute>
 0000:00000000       __guard_fids_table         0000000000000000     <absolute>
 0000:00000000       __hybrid_auxiliary_iat     0000000000000000     <absolute>
 0000:00000100       __guard_flags              0000000000000100     <absolute>
 0001:00000000       ?create_display@@YAXPEAUdisplay_context@@PEBDHHHH_N@Z 0000000140001000 f   unity_common.obj
 0001:00000330       ?init_d3d@@YAXPEAUd3d_context@@PEAUdisplay_context@@_N@Z 0000000140001330 f   unity_common.obj
 0001:00000460       ?term_d3d@@YAXPEAUd3d_context@@@Z 0000000140001460 f   unity_common.obj
 0001:00000520       ?begin_frame@@YAXPEAUd3d_context@@@Z 0000000140001520 f   unity_common.obj
 0001:00000600       ?end_frame@@YAXPEAUd3d_context@@@Z 0000000140001600 f   unity_common.obj
 0001:00000650       ?compile_vertex_shader@@YAPEAUID3D11VertexShader@@PEAPEAUID3D10Blob@@PEAUd3d_context@@PEBD_K2@Z 0000000140001650 f   unity_common.obj
 0001:00000770       ?compile_pixel_shader@@YAPEAUID3D11PixelShader@@PEAUd3d_context@@PEBD_K1@Z 0000000140001770 f   unity_common.obj
 0001:00000880       ?read_entire_file@@YAPEAXPEBDPEA_K@Z 0000000140001880 f   unity_common.obj
 0001:00000970       ?load_png@@YAXPEAUd3d_context@@PEAUtexture@@PEAX_K@Z 0000000140001970 f   unity_common.obj
 0001:00000ec0       ?debug_printf@@YAXPEBDZZ   0000000140001ec0 f   unity_common.obj
 0001:00000f30       ?sprite_batch_init@@YAXPEAUsprite_batch@@PEAUd3d_context@@@Z 0000000140001f30 f   unity_common.obj
 0001:00001270       ?sprite_batch_term@@YAXPEAUsprite_batch@@@Z 0000000140002270 f   unity_common.obj
 0001:00001300       ?sprite_batch_begin@@YAXPEAUsprite_batch@@@Z 0000000140002300 f   unity_common.obj
 0001:000013e0       ?sprite_batch_end@@YAXPEAUsprite_batch@@@Z 00000001400023e0 f   unity_common.obj
 0001:00001400       ?sprite_batch_draw@@YAXPEAUsprite_batch@@PEAUtexture@@HHHHHHHH@Z 0000000140002400 f   unity_common.obj
 0001:00002050       ??$IID_PPV_ARGS_Helper@UIWICImagingFactory@@@@YAPEAPEAXPEAPEAUIWICImagingFactory@@@Z 0000000140003050 f i unity_common.obj
 0001:00002060       ??$com_cast@UID3D11Device5@@@@YAPEAUID3D11Device5@@PEAUIUnknown@@@Z 0000000140003060 f i unity_common.obj
 0001:000020d0       ??$com_cast@UID3D11DeviceContext4@@@@YAPEAUID3D11DeviceContext4@@PEAUIUnknown@@@Z 00000001400030d0 f i unity_common.obj
 0001:00002140       ??$com_cast@UIDXGIAdapter4@@@@YAPEAUIDXGIAdapter4@@PEAUIUnknown@@@Z 0000000140003140 f i unity_common.obj
 0001:000021b0       ??$com_cast@UIDXGIDevice4@@@@YAPEAUIDXGIDevice4@@PEAUIUnknown@@@Z 00000001400031b0 f i unity_common.obj
 0001:00002220       ??$com_cast@UIDXGISwapChain3@@@@YAPEAUIDXGISwapChain3@@PEAUIUnknown@@@Z 0000000140003220 f i unity_common.obj
 0001:00002290       __local_stdio_printf_options 0000000140003290 f i unity_common.obj
 0001:000022a0       vsnprintf                  00000001400032a0 f i unity_common.obj
 0001:000025e0       main                       00000001400035e0 f   unity_pathman.obj
 0001:00002730       __stdio_common_vsprintf    0000000140003730 f   ucrt:api-ms-win-crt-stdio-l1-1-0.dll
 0001:00002736       free                       0000000140003736 f   ucrt:api-ms-win-crt-heap-l1-1-0.dll
 0001:0000273c       malloc                     000000014000373c f   ucrt:api-ms-win-crt-heap-l1-1-0.dll
 0001:00002760       __chkstk                   0000000140003760 f   msvcrt:chkstk.obj
 0001:00002760       _alloca_probe              0000000140003760 f   msvcrt:chkstk.obj
 0001:000027b1       D3D11CreateDevice          00000001400037b1 f   d3d11:d3d11.dll
 0001:000027b7       D3DCompile2                00000001400037b7 f   d3dcompiler:D3DCOMPILER_47.dll
 0002:00000000       __imp_D3DCompile2          0000000140004000     d3dcompiler:D3DCOMPILER_47.dll
 0002:00000008       \177D3DCOMPILER_47_NULL_THUNK_DATA 0000000140004008     d3dcompiler:D3DCOMPILER_47.dll
 0002:00000010       __imp_CloseHandle          0000000140004010     kernel32:KERNEL32.dll
 0002:00000018       __imp_ReadFile             0000000140004018     kernel32:KERNEL32.dll
 0002:00000020       __imp_GetFileInformationByHandleEx 0000000140004020     kernel32:KERNEL32.dll
 0002:00000028       __imp_MultiByteToWideChar  0000000140004028     kernel32:KERNEL32.dll
 0002:00000030       __imp_ExitProcess          0000000140004030     kernel32:KERNEL32.dll
 0002:00000038       __imp_GetModuleHandleW     0000000140004038     kernel32:KERNEL32.dll
 0002:00000040       __imp_OutputDebugStringA   0000000140004040     kernel32:KERNEL32.dll
 0002:00000048       __imp_CreateFileA          0000000140004048     kernel32:KERNEL32.dll
 0002:00000050       \177KERNEL32_NULL_THUNK_DATA 0000000140004050     kernel32:KERNEL32.dll
 0002:00000058       __imp_DefWindowProcW       0000000140004058     user32:USER32.dll
 0002:00000060       __imp_CreateWindowExW      0000000140004060     user32:USER32.dll
 0002:00000068       __imp_ShowWindow           0000000140004068     user32:USER32.dll
 0002:00000070       __imp_GetClientRect        0000000140004070     user32:USER32.dll
 0002:00000078       __imp_AdjustWindowRect     0000000140004078     user32:USER32.dll
 0002:00000080       __imp_LoadCursorA          0000000140004080     user32:USER32.dll
 0002:00000088       __imp_LoadIconA            0000000140004088     user32:USER32.dll
 0002:00000090       __imp_TranslateMessage     0000000140004090     user32:USER32.dll
 0002:00000098       __imp_DispatchMessageA     0000000140004098     user32:USER32.dll
 0002:000000a0       __imp_PeekMessageW         00000001400040a0     user32:USER32.dll
 0002:000000a8       __imp_PostQuitMessage      00000001400040a8     user32:USER32.dll
 0002:000000b0       __imp_RegisterClassExW     00000001400040b0     user32:USER32.dll
 0002:000000b8       \177USER32_NULL_THUNK_DATA 00000001400040b8     user32:USER32.dll
 0002:000000c0       __imp_malloc               00000001400040c0     ucrt:api-ms-win-crt-heap-l1-1-0.dll
 0002:000000c8       __imp_free                 00000001400040c8     ucrt:api-ms-win-crt-heap-l1-1-0.dll
 0002:000000d0       \177api-ms-win-crt-heap-l1-1-0_NULL_THUNK_DATA 00000001400040d0     ucrt:api-ms-win-crt-heap-l1-1-0.dll
 0002:000000d8       __imp___stdio_common_vsprintf 00000001400040d8     ucrt:api-ms-win-crt-stdio-l1-1-0.dll
 0002:000000e0       \177api-ms-win-crt-stdio-l1-1-0_NULL_THUNK_DATA 00000001400040e0     ucrt:api-ms-win-crt-stdio-l1-1-0.dll
 0002:000000e8       __imp_D3D11CreateDevice    00000001400040e8     d3d11:d3d11.dll
 0002:000000f0       \177d3d11_NULL_THUNK_DATA  00000001400040f0     d3d11:d3d11.dll
 0002:000000f8       __imp_CoCreateInstance     00000001400040f8     ole32:ole32.dll
 0002:00000100       \177ole32_NULL_THUNK_DATA  0000000140004100     ole32:ole32.dll
 0002:00001400       _GUID_7632e1f5_ee65_4dca_87fd_84cd75f8838d 0000000140005400     unity_common.obj
 0002:00001410       _GUID_6f15aaf2_d208_4e89_9ab4_489535d34f9c 0000000140005410     unity_common.obj
 0002:00001420       _GUID_ec5ec8a9_c395_4314_9c77_54d7a935ff70 0000000140005420     unity_common.obj
 0002:00001430       _GUID_95b4f95f_d8da_4ca4_9ee6_3b76d5968a10 0000000140005430     unity_common.obj
 0002:00001440       _GUID_3c8d99d1_4fbf_4181_a82c_af66bf7bd24e 0000000140005440     unity_common.obj
 0002:00001450       _GUID_94d99bdb_f1f8_4ab0_b236_7da0170edab1 0000000140005450     unity_common.obj
 0002:00001460       _GUID_8ffde202_a0e7_45df_9e01_e837801b5ea0 0000000140005460     unity_common.obj
 0002:00001470       _GUID_917600da_f58c_4c33_98d8_3e15b390fa24 0000000140005470     unity_common.obj
 0002:00001480       __real@3f800000            0000000140005480     unity_common.obj
 0002:00001484       __real@40000000            0000000140005484     unity_common.obj
 0002:00001488       __real@bf800000            0000000140005488     unity_common.obj
 0002:000014b8       CLSID_WICImagingFactory2   00000001400054b8     dxguid:d3d10guid.obj
 0002:000014c8       GUID_VendorMicrosoftBuiltIn 00000001400054c8     dxguid:d3d10guid.obj
 0002:00001780       __IMPORT_DESCRIPTOR_KERNEL32 0000000140005780     kernel32:KERNEL32.dll
 0002:00001794       __IMPORT_DESCRIPTOR_USER32 0000000140005794     user32:USER32.dll
 0002:000017a8       __IMPORT_DESCRIPTOR_api-ms-win-crt-stdio-l1-1-0 00000001400057a8     ucrt:api-ms-win-crt-stdio-l1-1-0.dll
 0002:000017bc       __IMPORT_DESCRIPTOR_api-ms-win-crt-heap-l1-1-0 00000001400057bc     ucrt:api-ms-win-crt-heap-l1-1-0.dll
 0002:000017d0       __IMPORT_DESCRIPTOR_d3d11  00000001400057d0     d3d11:d3d11.dll
 0002:000017e4       __IMPORT_DESCRIPTOR_D3DCOMPILER_47 00000001400057e4     d3dcompiler:D3DCOMPILER_47.dll
 0002:000017f8       __IMPORT_DESCRIPTOR_ole32  00000001400057f8     ole32:ole32.dll
 0002:0000180c       __NULL_IMPORT_DESCRIPTOR   000000014000580c     kernel32:KERNEL32.dll
 0003:00000010       _fltused                   0000000140006010     msvcrt:fltused.obj
 0003:00000018       ?_OptionsStorage@?1??__local_stdio_printf_options@@9@4_KA 0000000140006018     unity_common.obj

 entry point at        0001:000025e0

 Static symbols

 0000:ffff8000       .debug$S                   0000000140000000     kernel32:KERNEL32.dll
 0000:ffff8000       .debug$S                   0000000140000000     ole32:ole32.dll
 0000:ffff8000       .debug$S                   0000000140000000     kernel32:KERNEL32.dll
 0000:ffff8000       .debug$S                   0000000140000000     d3dcompiler:D3DCOMPILER_47.dll
 0000:ffff8000       .debug$S                   0000000140000000     kernel32:KERNEL32.dll
 0000:ffff8000       .debug$S                   0000000140000000     d3d11:d3d11.dll
 0000:ffff8000       .debug$S                   0000000140000000     kernel32:KERNEL32.dll
 0000:ffff8000       .debug$S                   0000000140000000     kernel32:KERNEL32.dll
 0000:ffff8000       .debug$S                   0000000140000000     kernel32:KERNEL32.dll
 0000:ffff8000       .debug$S                   0000000140000000     user32:USER32.dll
 0000:ffff8000       .debug$S                   0000000140000000     ucrt:api-ms-win-crt-heap-l1-1-0.dll
 0000:ffff8000       .debug$S                   0000000140000000     ucrt:api-ms-win-crt-heap-l1-1-0.dll
 0000:ffff8000       .debug$S                   0000000140000000     ucrt:api-ms-win-crt-stdio-l1-1-0.dll
 0000:ffff8000       .debug$S                   0000000140000000     kernel32:KERNEL32.dll
 0000:ffff8000       .debug$S                   0000000140000000     user32:USER32.dll
 0000:ffff8000       .debug$S                   0000000140000000     user32:USER32.dll
 0000:ffff8000       .debug$S                   0000000140000000     user32:USER32.dll
 0000:ffff8000       .debug$S                   0000000140000000     user32:USER32.dll
 0000:ffff8000       .debug$S                   0000000140000000     user32:USER32.dll
 0000:ffff8000       .debug$S                   0000000140000000     user32:USER32.dll
 0000:ffff8000       .debug$S                   0000000140000000     user32:USER32.dll
 0000:ffff8000       .debug$S                   0000000140000000     user32:USER32.dll
 0000:ffff8000       .debug$S                   0000000140000000     user32:USER32.dll
 0000:ffff8000       .debug$S                   0000000140000000     user32:USER32.dll
 0000:ffff8000       .debug$S                   0000000140000000     user32:USER32.dll
 0000:ffff8000       .debug$S                   0000000140000000     kernel32:KERNEL32.dll
 0001:00001630       ?wnd_proc@@YA_JPEAUHWND__@@I_K_J@Z 0000000140002630 f   unity_common.obj
 0001:00001680       ?get_client_rect@@YA?AUtagRECT@@PEAUHWND__@@@Z 0000000140002680 f   unity_common.obj
 0001:00001700       ?create_swap_chain@@YAXPEAUd3d_context@@PEAUdisplay_context@@@Z 0000000140002700 f   unity_common.obj
 0001:00001c00       ?compile_shader@@YAPEAUID3D10Blob@@PEBD_KW4shader_type@@0@Z 0000000140002c00 f   unity_common.obj
 0001:00001d30       ?sprite_batch_map@@YAXPEAUsprite_batch@@@Z 0000000140002d30 f   unity_common.obj
 0001:00001e10       ?sprite_batch_unmap@@YAXPEAUsprite_batch@@@Z 0000000140002e10 f   unity_common.obj
 0001:00001e90       ?sprite_batch_flush@@YAXPEAUsprite_batch@@@Z 0000000140002e90 f   unity_common.obj
 0001:00002320       ?draw_sprite@@YAXPEAUsprite_batch@@PEAUtexture@@HHHH@Z 0000000140003320 f   unity_pathman.obj
 0001:000023c0       ?render@@YAXPEAUd3d_context@@PEAUsprite_batch@@PEAUtexture@@@Z 00000001400033c0 f   unity_pathman.obj
 0001:00002580       ?load_sprite_sheet@@YAXPEAUtexture@@PEAUd3d_context@@@Z 0000000140003580 f   unity_pathman.obj
 0001:00002750       $$000000                   0000000140003750     msvcrt:chkstk.obj
 0002:00000110       $SG125754                  0000000140004110     unity_common.obj
 0002:00000118       $SG125755                  0000000140004118     unity_common.obj
 0002:0000014c       $SG125798                  000000014000414c     unity_common.obj
 0002:00000150       $SG125756                  0000000140004150     unity_common.obj
 0002:00000170       $SG125789                  0000000140004170     unity_common.obj
 0002:00000188       $SG125791                  0000000140004188     unity_common.obj
 0002:00000198       $SG125792                  0000000140004198     unity_common.obj
 0002:000001d0       $SG125793                  00000001400041d0     unity_common.obj
 0002:000001f0       $SG125796                  00000001400041f0     unity_common.obj
 0002:00000208       $SG125799                  0000000140004208     unity_common.obj
 0002:00000240       $SG125800                  0000000140004240     unity_common.obj
 0002:00000260       $SG125857                  0000000140004260     unity_common.obj
 0002:00000298       $SG125858                  0000000140004298     unity_common.obj
 0002:000002c0       $SG125860                  00000001400042c0     unity_common.obj
 0002:000002f8       $SG125861                  00000001400042f8     unity_common.obj
 0002:00000320       $SG125863                  0000000140004320     unity_common.obj
 0002:00000358       $SG125864                  0000000140004358     unity_common.obj
 0002:00000380       $SG125866                  0000000140004380     unity_common.obj
 0002:000003b8       $SG125867                  00000001400043b8     unity_common.obj
 0002:000003e0       $SG125869                  00000001400043e0     unity_common.obj
 0002:00000418       $SG125870                  0000000140004418     unity_common.obj
 0002:00000440       $SG125872                  0000000140004440     unity_common.obj
 0002:00000478       $SG125873                  0000000140004478     unity_common.obj
 0002:000004a0       $SG125875                  00000001400044a0     unity_common.obj
 0002:000004d8       $SG125876                  00000001400044d8     unity_common.obj
 0002:00000500       $SG125900                  0000000140004500     unity_common.obj
 0002:00000538       $SG125901                  0000000140004538     unity_common.obj
 0002:0000055c       $SG125919                  000000014000455c     unity_common.obj
 0002:00000564       $SG125921                  0000000140004564     unity_common.obj
 0002:0000056c       $SG125922                  000000014000456c     unity_common.obj
 0002:00000578       $SG125924                  0000000140004578     unity_common.obj
 0002:00000598       $SG125938                  0000000140004598     unity_common.obj
 0002:000005d0       $SG125939                  00000001400045d0     unity_common.obj
 0002:000005f8       $SG125953                  00000001400045f8     unity_common.obj
 0002:00000630       $SG125954                  0000000140004630     unity_common.obj
 0002:00000658       $SG126029                  0000000140004658     unity_common.obj
 0002:00000690       $SG126030                  0000000140004690     unity_common.obj
 0002:000006b8       $SG126032                  00000001400046b8     unity_common.obj
 0002:000006f0       $SG126033                  00000001400046f0     unity_common.obj
 0002:00000718       $SG126035                  0000000140004718     unity_common.obj
 0002:00000750       $SG126036                  0000000140004750     unity_common.obj
 0002:00000778       $SG126038                  0000000140004778     unity_common.obj
 0002:000007b0       $SG126039                  00000001400047b0     unity_common.obj
 0002:000007d8       $SG126041                  00000001400047d8     unity_common.obj
 0002:00000810       $SG126042                  0000000140004810     unity_common.obj
 0002:00000838       $SG126044                  0000000140004838     unity_common.obj
 0002:00000870       $SG126045                  0000000140004870     unity_common.obj
 0002:00000898       $SG126047                  0000000140004898     unity_common.obj
 0002:000008d0       $SG126048                  00000001400048d0     unity_common.obj
 0002:000008f8       $SG126050                  00000001400048f8     unity_common.obj
 0002:00000930       $SG126051                  0000000140004930     unity_common.obj
 0002:00000958       $SG126053                  0000000140004958     unity_common.obj
 0002:00000990       $SG126054                  0000000140004990     unity_common.obj
 0002:000009b8       $SG126114                  00000001400049b8     unity_common.obj
 0002:000009f8       $SG126115                  00000001400049f8     unity_common.obj
 0002:00000a20       ?sprite_shader@@3QBDB      0000000140004a20     unity_common.obj
 0002:000010d4       $SG126147                  00000001400050d4     unity_common.obj
 0002:000010dc       $SG126148                  00000001400050dc     unity_common.obj
 0002:000010e8       $SG126150                  00000001400050e8     unity_common.obj
 0002:00001128       $SG126151                  0000000140005128     unity_common.obj
 0002:00001150       $SG126153                  0000000140005150     unity_common.obj
 0002:00001190       $SG126154                  0000000140005190     unity_common.obj
 0002:000011b8       $SG126156                  00000001400051b8     unity_common.obj
 0002:000011f8       $SG126157                  00000001400051f8     unity_common.obj
 0002:00001220       $SG126337                  0000000140005220     unity_common.obj
 0002:00001258       $SG126338                  0000000140005258     unity_common.obj
 0002:00001280       $SG126348                  0000000140005280     unity_common.obj
 0002:000012b8       $SG126349                  00000001400052b8     unity_common.obj
 0002:000012e0       $SG126359                  00000001400052e0     unity_common.obj
 0002:00001318       $SG126360                  0000000140005318     unity_common.obj
 0002:00001340       $SG126370                  0000000140005340     unity_common.obj
 0002:00001378       $SG126371                  0000000140005378     unity_common.obj
 0002:000013a0       $SG126381                  00000001400053a0     unity_common.obj
 0002:000013d8       $SG126382                  00000001400053d8     unity_common.obj
 0002:00001490       $SG125786                  0000000140005490     unity_pathman.obj
 0002:000014a8       $SG125802                  00000001400054a8     unity_pathman.obj
 0002:00001680       $unwind$vsnprintf          0000000140005680     unity_common.obj
 0002:00001688       $unwind$?create_display@@YAXPEAUdisplay_context@@PEBDHHHH_N@Z 0000000140005688     unity_common.obj
 0002:00001694       $unwind$?init_d3d@@YAXPEAUd3d_context@@PEAUdisplay_context@@_N@Z 0000000140005694     unity_common.obj
 0002:0000169c       $unwind$?term_d3d@@YAXPEAUd3d_context@@@Z 000000014000569c     unity_common.obj
 0002:000016a4       $unwind$?begin_frame@@YAXPEAUd3d_context@@@Z 00000001400056a4     unity_common.obj
 0002:000016ac       $unwind$?end_frame@@YAXPEAUd3d_context@@@Z 00000001400056ac     unity_common.obj
 0002:000016b4       $unwind$?compile_vertex_shader@@YAPEAUID3D11VertexShader@@PEAPEAUID3D10Blob@@PEAUd3d_context@@PEBD_K2@Z 00000001400056b4     unity_common.obj
 0002:000016bc       $unwind$?compile_pixel_shader@@YAPEAUID3D11PixelShader@@PEAUd3d_context@@PEBD_K1@Z 00000001400056bc     unity_common.obj
 0002:000016c4       $unwind$?read_entire_file@@YAPEAXPEBDPEA_K@Z 00000001400056c4     unity_common.obj
 0002:000016cc       $unwind$?load_png@@YAXPEAUd3d_context@@PEAUtexture@@PEAX_K@Z 00000001400056cc     unity_common.obj
 0002:000016d8       $unwind$?debug_printf@@YAXPEBDZZ 00000001400056d8     unity_common.obj
 0002:000016e0       $unwind$?sprite_batch_init@@YAXPEAUsprite_batch@@PEAUd3d_context@@@Z 00000001400056e0     unity_common.obj
 0002:000016ec       $unwind$?sprite_batch_term@@YAXPEAUsprite_batch@@@Z 00000001400056ec     unity_common.obj
 0002:000016f4       $unwind$?sprite_batch_begin@@YAXPEAUsprite_batch@@@Z 00000001400056f4     unity_common.obj
 0002:000016fc       $unwind$?sprite_batch_end@@YAXPEAUsprite_batch@@@Z 00000001400056fc     unity_common.obj
 0002:00001704       $unwind$?sprite_batch_draw@@YAXPEAUsprite_batch@@PEAUtexture@@HHHHHHHH@Z 0000000140005704     unity_common.obj
 0002:0000170c       $unwind$?wnd_proc@@YA_JPEAUHWND__@@I_K_J@Z 000000014000570c     unity_common.obj
 0002:00001714       $unwind$?get_client_rect@@YA?AUtagRECT@@PEAUHWND__@@@Z 0000000140005714     unity_common.obj
 0002:00001720       $unwind$?create_swap_chain@@YAXPEAUd3d_context@@PEAUdisplay_context@@@Z 0000000140005720     unity_common.obj
 0002:0000172c       $unwind$?compile_shader@@YAPEAUID3D10Blob@@PEBD_KW4shader_type@@0@Z 000000014000572c     unity_common.obj
 0002:00001734       $unwind$?sprite_batch_map@@YAXPEAUsprite_batch@@@Z 0000000140005734     unity_common.obj
 0002:0000173c       $unwind$?sprite_batch_unmap@@YAXPEAUsprite_batch@@@Z 000000014000573c     unity_common.obj
 0002:00001744       $unwind$?sprite_batch_flush@@YAXPEAUsprite_batch@@@Z 0000000140005744     unity_common.obj
 0002:0000174c       $unwind$??$com_cast@UIDXGIDevice4@@@@YAPEAUIDXGIDevice4@@PEAUIUnknown@@@Z 000000014000574c     unity_common.obj
 0002:0000174c       $unwind$??$com_cast@UIDXGIAdapter4@@@@YAPEAUIDXGIAdapter4@@PEAUIUnknown@@@Z 000000014000574c     unity_common.obj
 0002:0000174c       $unwind$??$com_cast@UID3D11Device5@@@@YAPEAUID3D11Device5@@PEAUIUnknown@@@Z 000000014000574c     unity_common.obj
 0002:0000174c       $unwind$??$com_cast@UIDXGISwapChain3@@@@YAPEAUIDXGISwapChain3@@PEAUIUnknown@@@Z 000000014000574c     unity_common.obj
 0002:0000174c       $unwind$??$com_cast@UID3D11DeviceContext4@@@@YAPEAUID3D11DeviceContext4@@PEAUIUnknown@@@Z 000000014000574c     unity_common.obj
 0002:00001754       $unwind$?draw_sprite@@YAXPEAUsprite_batch@@PEAUtexture@@HHHH@Z 0000000140005754     unity_pathman.obj
 0002:0000175c       $unwind$?render@@YAXPEAUd3d_context@@PEAUsprite_batch@@PEAUtexture@@@Z 000000014000575c     unity_pathman.obj
 0002:00001764       $unwind$?load_sprite_sheet@@YAXPEAUtexture@@PEAUd3d_context@@@Z 0000000140005764     unity_pathman.obj
 0002:0000176c       $unwind$main               000000014000576c     unity_pathman.obj
 0002:00001778       $xdatasym                  0000000140005778     msvcrt:chkstk.obj
 0002:000019be       .idata$6                   00000001400059be     kernel32:KERNEL32.dll
 0002:00001a9a       .idata$6                   0000000140005a9a     user32:USER32.dll
 0002:00001ad2       .idata$6                   0000000140005ad2     ucrt:api-ms-win-crt-stdio-l1-1-0.dll
 0002:00001af2       .idata$6                   0000000140005af2     ucrt:api-ms-win-crt-heap-l1-1-0.dll
 0002:00001b26       .idata$6                   0000000140005b26     d3d11:d3d11.dll
 0002:00001b3e       .idata$6                   0000000140005b3e     d3dcompiler:D3DCOMPILER_47.dll
 0002:00001b66       .idata$6                   0000000140005b66     ole32:ole32.dll
 0003:00000000       ?pathman_tile_x@@3HA       0000000140006000     unity_pathman.obj
 0003:00000004       ?pathman_tile_y@@3HA       0000000140006004     unity_pathman.obj
 0003:00000008       ?ghost_tile_x@@3HA         0000000140006008     unity_pathman.obj
 0003:0000000c       ?ghost_tile_y@@3HA         000000014000600c     unity_pathman.obj
 0003:00000020       ?pathman_anim_counter@@3IA 0000000140006020     unity_pathman.obj
 0003:00000024       ?ghost_anim_counter@@3IA   0000000140006024     unity_pathman.obj
 0004:00000000       $pdata$vsnprintf           0000000140007000     unity_common.obj
 0004:0000000c       $pdata$?create_display@@YAXPEAUdisplay_context@@PEBDHHHH_N@Z 000000014000700c     unity_common.obj
 0004:00000018       $pdata$?init_d3d@@YAXPEAUd3d_context@@PEAUdisplay_context@@_N@Z 0000000140007018     unity_common.obj
 0004:00000024       $pdata$?term_d3d@@YAXPEAUd3d_context@@@Z 0000000140007024     unity_common.obj
 0004:00000030       $pdata$?begin_frame@@YAXPEAUd3d_context@@@Z 0000000140007030     unity_common.obj
 0004:0000003c       $pdata$?end_frame@@YAXPEAUd3d_context@@@Z 000000014000703c     unity_common.obj
 0004:00000048       $pdata$?compile_vertex_shader@@YAPEAUID3D11VertexShader@@PEAPEAUID3D10Blob@@PEAUd3d_context@@PEBD_K2@Z 0000000140007048     unity_common.obj
 0004:00000054       $pdata$?compile_pixel_shader@@YAPEAUID3D11PixelShader@@PEAUd3d_context@@PEBD_K1@Z 0000000140007054     unity_common.obj
 0004:00000060       $pdata$?read_entire_file@@YAPEAXPEBDPEA_K@Z 0000000140007060     unity_common.obj
 0004:0000006c       $pdata$?load_png@@YAXPEAUd3d_context@@PEAUtexture@@PEAX_K@Z 000000014000706c     unity_common.obj
 0004:00000078       $pdata$?debug_printf@@YAXPEBDZZ 0000000140007078     unity_common.obj
 0004:00000084       $pdata$?sprite_batch_init@@YAXPEAUsprite_batch@@PEAUd3d_context@@@Z 0000000140007084     unity_common.obj
 0004:00000090       $pdata$?sprite_batch_term@@YAXPEAUsprite_batch@@@Z 0000000140007090     unity_common.obj
 0004:0000009c       $pdata$?sprite_batch_begin@@YAXPEAUsprite_batch@@@Z 000000014000709c     unity_common.obj
 0004:000000a8       $pdata$?sprite_batch_end@@YAXPEAUsprite_batch@@@Z 00000001400070a8     unity_common.obj
 0004:000000b4       $pdata$?sprite_batch_draw@@YAXPEAUsprite_batch@@PEAUtexture@@HHHHHHHH@Z 00000001400070b4     unity_common.obj
 0004:000000c0       $pdata$?wnd_proc@@YA_JPEAUHWND__@@I_K_J@Z 00000001400070c0     unity_common.obj
 0004:000000cc       $pdata$?get_client_rect@@YA?AUtagRECT@@PEAUHWND__@@@Z 00000001400070cc     unity_common.obj
 0004:000000d8       $pdata$?create_swap_chain@@YAXPEAUd3d_context@@PEAUdisplay_context@@@Z 00000001400070d8     unity_common.obj
 0004:000000e4       $pdata$?compile_shader@@YAPEAUID3D10Blob@@PEBD_KW4shader_type@@0@Z 00000001400070e4     unity_common.obj
 0004:000000f0       $pdata$?sprite_batch_map@@YAXPEAUsprite_batch@@@Z 00000001400070f0     unity_common.obj
 0004:000000fc       $pdata$?sprite_batch_unmap@@YAXPEAUsprite_batch@@@Z 00000001400070fc     unity_common.obj
 0004:00000108       $pdata$?sprite_batch_flush@@YAXPEAUsprite_batch@@@Z 0000000140007108     unity_common.obj
 0004:00000114       $pdata$??$com_cast@UIDXGIDevice4@@@@YAPEAUIDXGIDevice4@@PEAUIUnknown@@@Z 0000000140007114     unity_common.obj
 0004:00000120       $pdata$??$com_cast@UIDXGIAdapter4@@@@YAPEAUIDXGIAdapter4@@PEAUIUnknown@@@Z 0000000140007120     unity_common.obj
 0004:0000012c       $pdata$??$com_cast@UIDXGISwapChain3@@@@YAPEAUIDXGISwapChain3@@PEAUIUnknown@@@Z 000000014000712c     unity_common.obj
 0004:00000138       $pdata$??$com_cast@UID3D11Device5@@@@YAPEAUID3D11Device5@@PEAUIUnknown@@@Z 0000000140007138     unity_common.obj
 0004:00000144       $pdata$??$com_cast@UID3D11DeviceContext4@@@@YAPEAUID3D11DeviceContext4@@PEAUIUnknown@@@Z 0000000140007144     unity_common.obj
 0004:00000150       $pdata$?draw_sprite@@YAXPEAUsprite_batch@@PEAUtexture@@HHHH@Z 0000000140007150     unity_pathman.obj
 0004:0000015c       $pdata$?render@@YAXPEAUd3d_context@@PEAUsprite_batch@@PEAUtexture@@@Z 000000014000715c     unity_pathman.obj
 0004:00000168       $pdata$?load_sprite_sheet@@YAXPEAUtexture@@PEAUd3d_context@@@Z 0000000140007168     unity_pathman.obj
 0004:00000174       $pdata$main                0000000140007174     unity_pathman.obj
