 pathman

 Timestamp is 5dfac1c4 (Thu Dec 19 00:18:12 2019)

 Preferred load address is 0000000140000000

 Start         Length     Name                   Class
 0001:00000000 00005243H .text$mn                CODE
 0002:00000000 00000160H .idata$5                DATA
 0002:00000158 00000000H .gfids$y                DATA
 0002:00000160 000015d8H .rdata                  DATA
 0002:00001738 000002fcH .rdata$r                DATA
 0002:00001a34 0000018cH .rdata$zzzdbg           DATA
 0002:00001bc0 00000248H .xdata                  DATA
 0002:00001e08 0000017cH .xdata$x                DATA
 0002:00001f84 00000000H .edata                  DATA
 0002:00001f84 000000c8H .idata$2                DATA
 0002:0000204c 00000014H .idata$3                DATA
 0002:00002060 00000158H .idata$4                DATA
 0002:000021b8 00000326H .idata$6                DATA
 0003:00000000 00000388H .data                   DATA
 0003:00000388 000000f0H .data$r                 DATA
 0003:00000478 00000010H .bss                    DATA
 0004:00000000 000005b8H .pdata                  DATA

  Address         Publics by Value              Rva+Base               Lib:Object

 0000:00000000       __volatile_metadata        0000000000000000     <absolute>
 0000:00000000       __hybrid_code_map          0000000000000000     <absolute>
 0000:00000000       __hybrid_code_map_count    0000000000000000     <absolute>
 0000:00000000       __guard_fids_count         0000000000000000     <absolute>
 0000:00000000       __guard_longjmp_count      0000000000000000     <absolute>
 0000:00000000       __guard_longjmp_table      0000000000000000     <absolute>
 0000:00000000       __guard_iat_count          0000000000000000     <absolute>
 0000:00000000       __guard_iat_table          0000000000000000     <absolute>
 0000:00000000       __dynamic_value_reloc_table 0000000000000000     <absolute>
 0000:00000000       ___safe_se_handler_count   0000000000000000     <absolute>
 0000:00000000       __enclave_config           0000000000000000     <absolute>
 0000:00000000       ___safe_se_handler_table   0000000000000000     <absolute>
 0000:00000000       __guard_fids_table         0000000000000000     <absolute>
 0000:00000000       __hybrid_auxiliary_iat     0000000000000000     <absolute>
 0000:00000100       __guard_flags              0000000000000100     <absolute>
 0001:00000000       ?create_display@@YAXPEAUdisplay_context@@PEBDHHHH_N@Z 0000000140001000 f   unity_common.obj
 0001:00000330       ?init_d3d@@YAXPEAUd3d_context@@PEAUdisplay_context@@_N@Z 0000000140001330 f   unity_common.obj
 0001:00000460       ?term_d3d@@YAXPEAUd3d_context@@@Z 0000000140001460 f   unity_common.obj
 0001:00000520       ?begin_frame@@YAXPEAUd3d_context@@@Z 0000000140001520 f   unity_common.obj
 0001:00000600       ?end_frame@@YAXPEAUd3d_context@@@Z 0000000140001600 f   unity_common.obj
 0001:00000650       ?compile_vertex_shader@@YAPEAUID3D11VertexShader@@PEAPEAUID3D10Blob@@PEAUd3d_context@@PEBD_K2@Z 0000000140001650 f   unity_common.obj
 0001:00000770       ?compile_pixel_shader@@YAPEAUID3D11PixelShader@@PEAUd3d_context@@PEBD_K1@Z 0000000140001770 f   unity_common.obj
 0001:00000880       ?read_entire_file@@YAPEAXPEBDPEA_K@Z 0000000140001880 f   unity_common.obj
 0001:00000970       ?load_png@@YAXPEAUd3d_context@@PEAUtexture@@PEAX_K@Z 0000000140001970 f   unity_common.obj
 0001:00000ec0       ?debug_printf@@YAXPEBDZZ   0000000140001ec0 f   unity_common.obj
 0001:00000f30       ?sprite_batch_init@@YAXPEAUsprite_batch@@PEAUd3d_context@@@Z 0000000140001f30 f   unity_common.obj
 0001:00001270       ?sprite_batch_term@@YAXPEAUsprite_batch@@@Z 0000000140002270 f   unity_common.obj
 0001:00001300       ?sprite_batch_begin@@YAXPEAUsprite_batch@@@Z 0000000140002300 f   unity_common.obj
 0001:000013e0       ?sprite_batch_end@@YAXPEAUsprite_batch@@@Z 00000001400023e0 f   unity_common.obj
 0001:00001400       ?sprite_batch_draw@@YAXPEAUsprite_batch@@PEAUtexture@@HHHHHHHH@Z 0000000140002400 f   unity_common.obj
 0001:00002050       ??$_Get_unwrapped@Unode@@@std@@YAPEAUnode@@QEAU1@@Z 0000000140003050 f i unity_pathman.obj
 0001:00002050       ?_Get_second@?$_Compressed_pair@V?$allocator@Unode@@@std@@V?$_Vector_val@U?$_Simple_types@Unode@@@std@@@2@$00@std@@QEAAAEAV?$_Vector_val@U?$_Simple_types@Unode@@@std@@@2@XZ 0000000140003050 f i unity_pathman.obj
 0001:00002050       ??$_Const_cast@$$CBUnode@@@std@@YAPEAUnode@@PEBU1@@Z 0000000140003050 f i unity_pathman.obj
 0001:00002050       ?_Get_first@?$_Compressed_pair@V?$allocator@Unode@@@std@@V?$_Vector_val@U?$_Simple_types@Unode@@@std@@@2@$00@std@@QEAAAEAV?$allocator@Unode@@@2@XZ 0000000140003050 f i unity_pathman.obj
 0001:00002050       ??$move@AEAUnode@@@std@@YA$$QEAUnode@@AEAU1@@Z 0000000140003050 f i unity_pathman.obj
 0001:00002050       ??$forward@Unode@@@std@@YA$$QEAUnode@@AEAU1@@Z 0000000140003050 f i unity_pathman.obj
 0001:00002050       ?_Get_second@?$_Compressed_pair@V?$allocator@Unode@@@std@@V?$_Vector_val@U?$_Simple_types@Unode@@@std@@@2@$00@std@@QEBAAEBV?$_Vector_val@U?$_Simple_types@Unode@@@std@@@2@XZ 0000000140003050 f i unity_pathman.obj
 0001:00002050       ??$_Unfancy@Unode@@@std@@YAPEAUnode@@PEAU1@@Z 0000000140003050 f i unity_pathman.obj
 0001:00002050       ??$move@AEAV?$vector@Unode@@V?$allocator@Unode@@@std@@@std@@@std@@YA$$QEAV?$vector@Unode@@V?$allocator@Unode@@@std@@@0@AEAV10@@Z 0000000140003050 f i unity_pathman.obj
 0001:00002050       ??$move@AEAV?$allocator@Unode@@@std@@@std@@YA$$QEAV?$allocator@Unode@@@0@AEAV10@@Z 0000000140003050 f i unity_pathman.obj
 0001:00002050       ??$addressof@V?$_Vector_val@U?$_Simple_types@Unode@@@std@@@std@@@std@@YAPEAV?$_Vector_val@U?$_Simple_types@Unode@@@std@@@0@AEAV10@@Z 0000000140003050 f i unity_pathman.obj
 0001:00002050       ??$forward@AEBUnode@@@std@@YAAEBUnode@@AEBU1@@Z 0000000140003050 f i unity_pathman.obj
 0001:00002050       ??$IID_PPV_ARGS_Helper@UIWICImagingFactory@@@@YAPEAPEAXPEAPEAUIWICImagingFactory@@@Z 0000000140003050 f i unity_common.obj
 0001:00002050       ??0?$allocator@Unode@@@std@@QEAA@XZ 0000000140003050 f i unity_pathman.obj
 0001:00002050       ??$forward@V?$allocator@Unode@@@std@@@std@@YA$$QEAV?$allocator@Unode@@@0@AEAV10@@Z 0000000140003050 f i unity_pathman.obj
 0001:00002050       ?_Get_first@?$_Compressed_pair@V?$allocator@Unode@@@std@@V?$_Vector_val@U?$_Simple_types@Unode@@@std@@@2@$00@std@@QEBAAEBV?$allocator@Unode@@@2@XZ 0000000140003050 f i unity_pathman.obj
 0001:00002060       ??$com_cast@UID3D11Device5@@@@YAPEAUID3D11Device5@@PEAUIUnknown@@@Z 0000000140003060 f i unity_common.obj
 0001:000020d0       ??$com_cast@UID3D11DeviceContext4@@@@YAPEAUID3D11DeviceContext4@@PEAUIUnknown@@@Z 00000001400030d0 f i unity_common.obj
 0001:00002140       ??$com_cast@UIDXGIAdapter4@@@@YAPEAUIDXGIAdapter4@@PEAUIUnknown@@@Z 0000000140003140 f i unity_common.obj
 0001:000021b0       ??$com_cast@UIDXGIDevice4@@@@YAPEAUIDXGIDevice4@@PEAUIUnknown@@@Z 00000001400031b0 f i unity_common.obj
 0001:00002220       ??$com_cast@UIDXGISwapChain3@@@@YAPEAUIDXGISwapChain3@@PEAUIUnknown@@@Z 0000000140003220 f i unity_common.obj
 0001:00002290       __local_stdio_printf_options 0000000140003290 f i unity_common.obj
 0001:000022a0       vsnprintf                  00000001400032a0 f i unity_common.obj
 0001:000025e0       ?getLowestF@@YA?AUnode@@AEBV?$vector@Unode@@V?$allocator@Unode@@@std@@@std@@@Z 00000001400035e0 f   unity_pathman.obj
 0001:000026b0       ?removeNode@@YAXAEAV?$vector@Unode@@V?$allocator@Unode@@@std@@@std@@AEBUnode@@@Z 00000001400036b0 f   unity_pathman.obj
 0001:000027b0       ?makeNode@@YA?AUnode@@HH@Z 00000001400037b0 f   unity_pathman.obj
 0001:00002840       ?getAdjacent@@YA?AV?$vector@Unode@@V?$allocator@Unode@@@std@@@std@@Unode@@@Z 0000000140003840 f   unity_pathman.obj
 0001:00002a40       ?inList@@YA_NAEAV?$vector@Unode@@V?$allocator@Unode@@@std@@@std@@AEAUnode@@@Z 0000000140003a40 f   unity_pathman.obj
 0001:00002ac0       ?getNodeInList@@YA?AUnode@@AEAV?$vector@Unode@@V?$allocator@Unode@@@std@@@std@@AEAU1@@Z 0000000140003ac0 f   unity_pathman.obj
 0001:00002b80       ?distanceBetweenNodes@@YAMAEBUnode@@0@Z 0000000140003b80 f   unity_pathman.obj
 0001:00002bf0       ?pathFinding@@YA?AV?$vector@Unode@@V?$allocator@Unode@@@std@@@std@@XZ 0000000140003bf0 f   unity_pathman.obj
 0001:00003070       main                       0000000140004070 f   unity_pathman.obj
 0001:00003250       ??$?0$$V@?$_Compressed_pair@V?$allocator@Unode@@@std@@V?$_Vector_val@U?$_Simple_types@Unode@@@std@@@2@$00@std@@QEAA@U_Zero_then_variadic_args_t@1@@Z 0000000140004250 f i unity_pathman.obj
 0001:00003280       ??$_Get_unwrapped_n@Unode@@_J$0A@@std@@YAPEAUnode@@QEAU1@_J@Z 0000000140004280 f i unity_pathman.obj
 0001:00003280       ??$?0U?$integral_constant@_N$00@std@@@_Unused_parameter@std@@QEAA@$$QEAU?$integral_constant@_N$00@1@@Z 0000000140004280 f i unity_pathman.obj
 0001:00003290       ??$?0V?$allocator@Unode@@@std@@$$V@?$_Compressed_pair@V?$allocator@Unode@@@std@@V?$_Vector_val@U?$_Simple_types@Unode@@@std@@@2@$00@std@@QEAA@U_One_then_variadic_args_t@1@$$QEAV?$allocator@Unode@@@1@@Z 0000000140004290 f i unity_pathman.obj
 0001:000032d0       ??$?0V?$allocator@Unode@@@std@@X@?$_Vector_alloc@U?$_Vec_base_types@Unode@@V?$allocator@Unode@@@std@@@std@@@std@@QEAA@$$QEAV?$allocator@Unode@@@1@@Z 00000001400042d0 f i unity_pathman.obj
 0001:00003320       ??$destroy@Unode@@@?$_Default_allocator_traits@V?$allocator@Unode@@@std@@@std@@SAXAEAV?$allocator@Unode@@@1@QEAUnode@@@Z 0000000140004320 f i unity_pathman.obj
 0001:00003320       ??$_Adl_verify_range@V?$_Vector_iterator@V?$_Vector_val@U?$_Simple_types@Unode@@@std@@@std@@@std@@V12@@std@@YAXAEBV?$_Vector_iterator@V?$_Vector_val@U?$_Simple_types@Unode@@@std@@@std@@@0@0@Z 0000000140004320 f i unity_pathman.obj
 0001:00003320       ?_Swap_all@_Container_base0@std@@QEAAXAEAU12@@Z 0000000140004320 f i unity_pathman.obj
 0001:00003320       ?_Adopt@_Iterator_base0@std@@QEAAXPEBX@Z 0000000140004320 f i unity_pathman.obj
 0001:00003330       ??$_Allocate@$0BA@U_Default_allocate_traits@std@@$0A@@std@@YAPEAX_K@Z 0000000140004330 f i unity_pathman.obj
 0001:00003370       ??$_Allocate_manually_vector_aligned@U_Default_allocate_traits@std@@@std@@YAPEAX_K@Z 0000000140004370 f i unity_pathman.obj
 0001:00003400       ??$_Copy_memmove@PEAUnode@@PEAU1@@std@@YAPEAUnode@@PEAU1@00@Z 0000000140004400 f i unity_pathman.obj
 0001:00003470       ??$_Deallocate@$0BA@$0A@@std@@YAXPEAX_K@Z 0000000140004470 f i unity_pathman.obj
 0001:000034b0       ??$_Destroy_range1@V?$allocator@Unode@@@std@@@std@@YAXPEAUnode@@0AEAV?$allocator@Unode@@@0@U?$integral_constant@_N$00@0@@Z 00000001400044b0 f i unity_pathman.obj
 0001:000034d0       ??$_Destroy_range@V?$allocator@Unode@@@std@@@std@@YAXPEAUnode@@0AEAV?$allocator@Unode@@@0@@Z 00000001400044d0 f i unity_pathman.obj
 0001:00003520       ??$_Emplace_back@Unode@@@?$_Uninitialized_backout_al@PEAUnode@@V?$allocator@Unode@@@std@@@std@@QEAAX$$QEAUnode@@@Z 0000000140004520 f i unity_pathman.obj
 0001:00003590       ??$_Emplace_back_with_unused_capacity@Unode@@@?$vector@Unode@@V?$allocator@Unode@@@std@@@std@@AEAAAEAUnode@@$$QEAU2@@Z 0000000140004590 f i unity_pathman.obj
 0001:00003590       ??$_Emplace_back_with_unused_capacity@AEBUnode@@@?$vector@Unode@@V?$allocator@Unode@@@std@@@std@@AEAAAEAUnode@@AEBU2@@Z 0000000140004590 f i unity_pathman.obj
 0001:00003660       ??$_Emplace_reallocate@AEBUnode@@@?$vector@Unode@@V?$allocator@Unode@@@std@@@std@@QEAAPEAUnode@@QEAU2@AEBU2@@Z 0000000140004660 f i unity_pathman.obj
 0001:00003660       ??$_Emplace_reallocate@Unode@@@?$vector@Unode@@V?$allocator@Unode@@@std@@@std@@QEAAPEAUnode@@QEAU2@$$QEAU2@@Z 0000000140004660 f i unity_pathman.obj
 0001:000038f0       ??$_Find_unchecked1@PEAUnode@@U1@@std@@YAPEAUnode@@PEAU1@QEAU1@AEBU1@U?$integral_constant@_N$0A@@0@@Z 00000001400048f0 f i unity_pathman.obj
 0001:00003950       ??$_Find_unchecked@PEAUnode@@U1@@std@@YAPEAUnode@@QEAU1@0AEBU1@@Z 0000000140004950 f i unity_pathman.obj
 0001:000039a0       ??$_Get_size_of_n@$0BM@@std@@YA_K_K@Z 00000001400049a0 f i unity_pathman.obj
 0001:000039f0       ??$_Get_unwrapped@V?$_Vector_iterator@V?$_Vector_val@U?$_Simple_types@Unode@@@std@@@std@@@std@@$0A@@std@@YAPEAUnode@@AEBV?$_Vector_iterator@V?$_Vector_val@U?$_Simple_types@Unode@@@std@@@std@@@0@@Z 00000001400049f0 f i unity_pathman.obj
 0001:00003a10       ??$_Idl_distance@PEAUnode@@PEAU1@@std@@YA_JAEBQEAUnode@@0@Z 0000000140004a10 f i unity_pathman.obj
 0001:00003a40       ??$_Min_value@_K@std@@YAAEB_KAEB_K0@Z 0000000140004a40 f i unity_pathman.obj
 0001:00003a90       ??$_Move_unchecked1@PEAUnode@@PEAU1@@std@@YAPEAUnode@@PEAU1@00U_Trivially_copyable_ptr_iterator_tag@0@@Z 0000000140004a90 f i unity_pathman.obj
 0001:00003ad0       ??$_Move_unchecked@PEAUnode@@PEAU1@@std@@YAPEAUnode@@PEAU1@00@Z 0000000140004ad0 f i unity_pathman.obj
 0001:00003b40       ??$_Ptr_move_cat@Unode@@U1@@std@@YA?AU_Trivially_copyable_ptr_iterator_tag@0@AEBQEAUnode@@0@Z 0000000140004b40 f i unity_pathman.obj
 0001:00003b70       ??$_Reverse_unchecked1@PEAUnode@@@std@@YAXPEAUnode@@0U?$integral_constant@_K$0A@@0@@Z 0000000140004b70 f i unity_pathman.obj
 0001:00003bd0       ??$_Reverse_unchecked@PEAUnode@@@std@@YAXQEAUnode@@0@Z 0000000140004bd0 f i unity_pathman.obj
 0001:00003c20       ??$_Seek_wrapped@Unode@@@std@@YAXAEAPEAUnode@@QEAU1@@Z 0000000140004c20 f i unity_pathman.obj
 0001:00003c40       ??$_Seek_wrapped@V?$_Vector_iterator@V?$_Vector_val@U?$_Simple_types@Unode@@@std@@@std@@@std@@PEAUnode@@@std@@YAXAEAV?$_Vector_iterator@V?$_Vector_val@U?$_Simple_types@Unode@@@std@@@std@@@0@AEBQEAUnode@@@Z 0000000140004c40 f i unity_pathman.obj
 0001:00003c70       ??$_Uninitialized_move@PEAUnode@@PEAU1@V?$allocator@Unode@@@std@@@std@@YAPEAUnode@@QEAU1@0PEAU1@AEAV?$allocator@Unode@@@0@@Z 0000000140004c70 f i unity_pathman.obj
 0001:00003dc0       ??$_Uninitialized_move_al_unchecked@PEAUnode@@PEAU1@V?$allocator@Unode@@@std@@@std@@YAPEAUnode@@PEAU1@QEAU1@1AEAV?$allocator@Unode@@@0@U_General_ptr_iterator_tag@0@U_Unused_parameter@0@@Z 0000000140004dc0 f i unity_pathman.obj
 0001:00003e50       ??$construct@Unode@@AEBU1@@?$_Default_allocator_traits@V?$allocator@Unode@@@std@@@std@@SAXAEAV?$allocator@Unode@@@1@QEAUnode@@AEBU3@@Z 0000000140004e50 f i unity_pathman.obj
 0001:00003e50       ??$construct@Unode@@U1@@?$_Default_allocator_traits@V?$allocator@Unode@@@std@@@std@@SAXAEAV?$allocator@Unode@@@1@QEAUnode@@$$QEAU3@@Z 0000000140004e50 f i unity_pathman.obj
 0001:00003ea0       ??$emplace_back@AEBUnode@@@?$vector@Unode@@V?$allocator@Unode@@@std@@@std@@QEAAAEAUnode@@AEBU2@@Z 0000000140004ea0 f i unity_pathman.obj
 0001:00003ea0       ??$emplace_back@Unode@@@?$vector@Unode@@V?$allocator@Unode@@@std@@@std@@QEAAAEAUnode@@$$QEAU2@@Z 0000000140004ea0 f i unity_pathman.obj
 0001:00003f20       ??$find@V?$_Vector_iterator@V?$_Vector_val@U?$_Simple_types@Unode@@@std@@@std@@@std@@Unode@@@std@@YA?AV?$_Vector_iterator@V?$_Vector_val@U?$_Simple_types@Unode@@@std@@@std@@@0@V10@V10@AEBUnode@@@Z 0000000140004f20 f i unity_pathman.obj
 0001:00003fb0       ??$iter_swap@PEAUnode@@PEAU1@@std@@YAXPEAUnode@@0@Z 0000000140004fb0 f i unity_pathman.obj
 0001:00003fe0       ??$pow@HHX@@YANHH@Z        0000000140004fe0 f i unity_pathman.obj
 0001:00004010       ??$reverse@V?$_Vector_iterator@V?$_Vector_val@U?$_Simple_types@Unode@@@std@@@std@@@std@@@std@@YAXV?$_Vector_iterator@V?$_Vector_val@U?$_Simple_types@Unode@@@std@@@std@@@0@0@Z 0000000140005010 f i unity_pathman.obj
 0001:00004060       ??$swap@Unode@@X@std@@YAXAEAUnode@@0@Z 0000000140005060 f i unity_pathman.obj
 0001:000040d0       ??0?$_Uninitialized_backout_al@PEAUnode@@V?$allocator@Unode@@@std@@@std@@QEAA@PEAUnode@@AEAV?$allocator@Unode@@@1@@Z 00000001400050d0 f i unity_pathman.obj
 0001:00004110       ??0?$_Vector_alloc@U?$_Vec_base_types@Unode@@V?$allocator@Unode@@@std@@@std@@@std@@QEAA@XZ 0000000140005110 f i unity_pathman.obj
 0001:00004140       ??0?$_Vector_const_iterator@V?$_Vector_val@U?$_Simple_types@Unode@@@std@@@std@@@std@@QEAA@PEAUnode@@PEBU_Container_base0@1@@Z 0000000140005140 f i unity_pathman.obj
 0001:00004180       ??0?$_Vector_iterator@V?$_Vector_val@U?$_Simple_types@Unode@@@std@@@std@@@std@@QEAA@PEAUnode@@PEBU_Container_base0@1@@Z 0000000140005180 f i unity_pathman.obj
 0001:000041c0       ??0?$_Vector_val@U?$_Simple_types@Unode@@@std@@@std@@QEAA@XZ 00000001400051c0 f i unity_pathman.obj
 0001:00004200       ??0?$vector@Unode@@V?$allocator@Unode@@@std@@@std@@QEAA@$$QEAV01@@Z 0000000140005200 f i unity_pathman.obj
 0001:00004280       ??0?$vector@Unode@@V?$allocator@Unode@@@std@@@std@@QEAA@XZ 0000000140005280 f i unity_pathman.obj
 0001:000042a0       ??0node@@QEAA@HH@Z         00000001400052a0 f i unity_pathman.obj
 0001:000042e0       ??0node@@QEAA@XZ           00000001400052e0 f i unity_pathman.obj
 0001:00004350       ??1?$_Uninitialized_backout_al@PEAUnode@@V?$allocator@Unode@@@std@@@std@@QEAA@XZ 0000000140005350 f i unity_pathman.obj
 0001:00004380       ??1?$vector@Unode@@V?$allocator@Unode@@@std@@@std@@QEAA@XZ 0000000140005380 f i unity_pathman.obj
 0001:000043a0       ??2@YAPEAX_KPEAX@Z         00000001400053a0 f i unity_pathman.obj
 0001:000043b0       ??8node@@QEAA_NAEBU0@@Z    00000001400053b0 f i unity_pathman.obj
 0001:000043f0       ??A?$vector@Unode@@V?$allocator@Unode@@@std@@@std@@QEBAAEBUnode@@_K@Z 00000001400053f0 f i unity_pathman.obj
 0001:000043f0       ??A?$vector@Unode@@V?$allocator@Unode@@@std@@@std@@QEAAAEAUnode@@_K@Z 00000001400053f0 f i unity_pathman.obj
 0001:00004420       ?_Adjust_manually_vector_aligned@std@@YAXAEAPEAXAEA_K@Z 0000000140005420 f i unity_pathman.obj
 0001:000044c0       ?_Allocate@_Default_allocate_traits@std@@SAPEAX_K@Z 00000001400054c0 f i unity_pathman.obj
 0001:000044e0       ?_Calculate_growth@?$vector@Unode@@V?$allocator@Unode@@@std@@@std@@AEBA_K_K@Z 00000001400054e0 f i unity_pathman.obj
 0001:00004570       ?_Change_array@?$vector@Unode@@V?$allocator@Unode@@@std@@@std@@AEAAXQEAUnode@@_K1@Z 0000000140005570 f i unity_pathman.obj
 0001:00004690       ?_Destroy@?$vector@Unode@@V?$allocator@Unode@@@std@@@std@@AEAAXPEAUnode@@0@Z 0000000140005690 f i unity_pathman.obj
 0001:000046d0       ?_Getal@?$_Vector_alloc@U?$_Vec_base_types@Unode@@V?$allocator@Unode@@@std@@@std@@@std@@QEAAAEAV?$allocator@Unode@@@2@XZ 00000001400056d0 f i unity_pathman.obj
 0001:000046d0       ?_Get_data@?$_Vector_alloc@U?$_Vec_base_types@Unode@@V?$allocator@Unode@@@std@@@std@@@std@@QEBAAEBV?$_Vector_val@U?$_Simple_types@Unode@@@std@@@2@XZ 00000001400056d0 f i unity_pathman.obj
 0001:000046d0       ?_Getal@?$_Vector_alloc@U?$_Vec_base_types@Unode@@V?$allocator@Unode@@@std@@@std@@@std@@QEBAAEBV?$allocator@Unode@@@2@XZ 00000001400056d0 f i unity_pathman.obj
 0001:000046d0       ?_Get_data@?$_Vector_alloc@U?$_Vec_base_types@Unode@@V?$allocator@Unode@@@std@@@std@@@std@@QEAAAEAV?$_Vector_val@U?$_Simple_types@Unode@@@std@@@2@XZ 00000001400056d0 f i unity_pathman.obj
 0001:000046f0       ?_Has_unused_capacity@?$vector@Unode@@V?$allocator@Unode@@@std@@@std@@AEBA_NXZ 00000001400056f0 f i unity_pathman.obj
 0001:00004740       ?_Move_from@?$vector@Unode@@V?$allocator@Unode@@@std@@@std@@AEAAX$$QEAV12@U?$integral_constant@_N$00@2@@Z 0000000140005740 f i unity_pathman.obj
 0001:00004810       ?_Myend@?$_Vector_alloc@U?$_Vec_base_types@Unode@@V?$allocator@Unode@@@std@@@std@@@std@@QEBAAEBQEAUnode@@XZ 0000000140005810 f i unity_pathman.obj
 0001:00004810       ?_Myend@?$_Vector_alloc@U?$_Vec_base_types@Unode@@V?$allocator@Unode@@@std@@@std@@@std@@QEAAAEAPEAUnode@@XZ 0000000140005810 f i unity_pathman.obj
 0001:00004830       ?_Myfirst@?$_Vector_alloc@U?$_Vec_base_types@Unode@@V?$allocator@Unode@@@std@@@std@@@std@@QEBAAEBQEAUnode@@XZ 0000000140005830 f i unity_pathman.obj
 0001:00004830       ?_Myfirst@?$_Vector_alloc@U?$_Vec_base_types@Unode@@V?$allocator@Unode@@@std@@@std@@@std@@QEAAAEAPEAUnode@@XZ 0000000140005830 f i unity_pathman.obj
 0001:00004850       ?_Mylast@?$_Vector_alloc@U?$_Vec_base_types@Unode@@V?$allocator@Unode@@@std@@@std@@@std@@QEBAAEBQEAUnode@@XZ 0000000140005850 f i unity_pathman.obj
 0001:00004850       ?_Mylast@?$_Vector_alloc@U?$_Vec_base_types@Unode@@V?$allocator@Unode@@@std@@@std@@@std@@QEAAAEAPEAUnode@@XZ 0000000140005850 f i unity_pathman.obj
 0001:00004870       ?_Orphan_all@?$_Vector_alloc@U?$_Vec_base_types@Unode@@V?$allocator@Unode@@@std@@@std@@@std@@QEAAXXZ 0000000140005870 f i unity_pathman.obj
 0001:00004890       ?_Orphan_all@_Container_base0@std@@QEAAXXZ 0000000140005890 f i unity_pathman.obj
 0001:000048a0       ?_Orphan_range@?$vector@Unode@@V?$allocator@Unode@@@std@@@std@@AEBAXPEAUnode@@0@Z 00000001400058a0 f i unity_pathman.obj
 0001:000048b0       ?_Release@?$_Uninitialized_backout_al@PEAUnode@@V?$allocator@Unode@@@std@@@std@@QEAAPEAUnode@@XZ 00000001400058b0 f i unity_pathman.obj
 0001:000048d0       ?_Seek_to@?$_Vector_const_iterator@V?$_Vector_val@U?$_Simple_types@Unode@@@std@@@std@@@std@@QEAAXPEBUnode@@@Z 00000001400058d0 f i unity_pathman.obj
 0001:00004900       ?_Swap_all@?$_Vector_alloc@U?$_Vec_base_types@Unode@@V?$allocator@Unode@@@std@@@std@@@std@@QEAAXAEAV12@@Z 0000000140005900 f i unity_pathman.obj
 0001:00004940       ?_Tidy@?$vector@Unode@@V?$allocator@Unode@@@std@@@std@@AEAAXXZ 0000000140005940 f i unity_pathman.obj
 0001:00004a20       ?_Umove_if_noexcept1@?$vector@Unode@@V?$allocator@Unode@@@std@@@std@@AEAAXPEAUnode@@00U?$integral_constant@_N$00@2@@Z 0000000140005a20 f i unity_pathman.obj
 0001:00004a20       ?_Umove@?$vector@Unode@@V?$allocator@Unode@@@std@@@std@@AEAAPEAUnode@@PEAU3@00@Z 0000000140005a20 f i unity_pathman.obj
 0001:00004a60       ?_Umove_if_noexcept@?$vector@Unode@@V?$allocator@Unode@@@std@@@std@@AEAAXPEAUnode@@00@Z 0000000140005a60 f i unity_pathman.obj
 0001:00004ac0       ?_Unwrapped@?$_Vector_iterator@V?$_Vector_val@U?$_Simple_types@Unode@@@std@@@std@@@std@@QEBAPEAUnode@@XZ 0000000140005ac0 f i unity_pathman.obj
 0001:00004ad0       ?_Xlength@?$vector@Unode@@V?$allocator@Unode@@@std@@@std@@CAXXZ 0000000140005ad0 f i unity_pathman.obj
 0001:00004af0       ?allocate@?$allocator@Unode@@@std@@QEAAPEAUnode@@_K@Z 0000000140005af0 f i unity_pathman.obj
 0001:00004b20       ?begin@?$vector@Unode@@V?$allocator@Unode@@@std@@@std@@QEAA?AV?$_Vector_iterator@V?$_Vector_val@U?$_Simple_types@Unode@@@std@@@std@@@2@XZ 0000000140005b20 f i unity_pathman.obj
 0001:00004b80       ?capacity@?$vector@Unode@@V?$allocator@Unode@@@std@@@std@@QEBA_KXZ 0000000140005b80 f i unity_pathman.obj
 0001:00004bd0       ?deallocate@?$allocator@Unode@@@std@@QEAAXQEAUnode@@_K@Z 0000000140005bd0 f i unity_pathman.obj
 0001:00004c00       ?empty@?$vector@Unode@@V?$allocator@Unode@@@std@@@std@@QEBA_NXZ 0000000140005c00 f i unity_pathman.obj
 0001:00004c50       ?end@?$vector@Unode@@V?$allocator@Unode@@@std@@@std@@QEAA?AV?$_Vector_iterator@V?$_Vector_val@U?$_Simple_types@Unode@@@std@@@std@@@2@XZ 0000000140005c50 f i unity_pathman.obj
 0001:00004cb0       ?erase@?$vector@Unode@@V?$allocator@Unode@@@std@@@std@@QEAA?AV?$_Vector_iterator@V?$_Vector_val@U?$_Simple_types@Unode@@@std@@@std@@@2@V?$_Vector_const_iterator@V?$_Vector_val@U?$_Simple_types@Unode@@@std@@@std@@@2@@Z 0000000140005cb0 f i unity_pathman.obj
 0001:00004d70       ?max@?$numeric_limits@_J@std@@SA_JXZ 0000000140005d70 f i unity_pathman.obj
 0001:00004d80       ?max_size@?$_Default_allocator_traits@V?$allocator@Unode@@@std@@@std@@SA_KAEBV?$allocator@Unode@@@2@@Z 0000000140005d80 f i unity_pathman.obj
 0001:00004d90       ?max_size@?$vector@Unode@@V?$allocator@Unode@@@std@@@std@@QEBA_KXZ 0000000140005d90 f i unity_pathman.obj
 0001:00004de0       ?push_back@?$vector@Unode@@V?$allocator@Unode@@@std@@@std@@QEAAX$$QEAUnode@@@Z 0000000140005de0 f i unity_pathman.obj
 0001:00004e10       ?push_back@?$vector@Unode@@V?$allocator@Unode@@@std@@@std@@QEAAXAEBUnode@@@Z 0000000140005e10 f i unity_pathman.obj
 0001:00004e40       ?size@?$vector@Unode@@V?$allocator@Unode@@@std@@@std@@QEBA_KXZ 0000000140005e40 f i unity_pathman.obj
 0001:00004e82       __stdio_common_vsprintf    0000000140005e82 f   ucrt:api-ms-win-crt-stdio-l1-1-0.dll
 0001:00004e88       free                       0000000140005e88 f   ucrt:api-ms-win-crt-heap-l1-1-0.dll
 0001:00004e8e       malloc                     0000000140005e8e f   ucrt:api-ms-win-crt-heap-l1-1-0.dll
 0001:00004e94       _invalid_parameter_noinfo_noreturn 0000000140005e94 f   ucrt:api-ms-win-crt-runtime-l1-1-0.dll
 0001:00004e9a       pow                        0000000140005e9a f   ucrt:api-ms-win-crt-math-l1-1-0.dll
 0001:00004ea0       memmove                    0000000140005ea0 f   vcruntime:VCRUNTIME140.dll
 0001:00004ec0       __chkstk                   0000000140005ec0 f   msvcrt:chkstk.obj
 0001:00004ec0       _alloca_probe              0000000140005ec0 f   msvcrt:chkstk.obj
 0001:00004f14       ??2@YAPEAX_K@Z             0000000140005f14 f   msvcrt:new_scalar.obj
 0001:00004f50       ??3@YAXPEAX_K@Z            0000000140005f50 f   msvcrt:delete_scalar_size.obj
 0001:00004f58       ??0bad_alloc@std@@QEAA@AEBV01@@Z 0000000140005f58 f i msvcrt:throw_bad_alloc.obj
 0001:00004f98       ??0bad_alloc@std@@QEAA@XZ  0000000140005f98 f i msvcrt:throw_bad_alloc.obj
 0001:00004fb8       ??0bad_array_new_length@std@@QEAA@AEBV01@@Z 0000000140005fb8 f i msvcrt:throw_bad_alloc.obj
 0001:00004ff8       ??0bad_array_new_length@std@@QEAA@XZ 0000000140005ff8 f i msvcrt:throw_bad_alloc.obj
 0001:00005018       ??0exception@std@@QEAA@AEBV01@@Z 0000000140006018 f i msvcrt:throw_bad_alloc.obj
 0001:00005050       ??1bad_alloc@std@@UEAA@XZ  0000000140006050 f i msvcrt:throw_bad_alloc.obj
 0001:00005050       ??1bad_array_new_length@std@@UEAA@XZ 0000000140006050 f i msvcrt:throw_bad_alloc.obj
 0001:00005050       ??1length_error@std@@UEAA@XZ 0000000140006050 f i libcpmt:xthrow.obj
 0001:00005064       ??_Elogic_error@std@@UEAAPEAXI@Z 0000000140006064 f i libcpmt:xthrow.obj
 0001:00005064       ??_Eexception@std@@UEAAPEAXI@Z 0000000140006064 f i msvcrt:throw_bad_alloc.obj
 0001:00005064       ??_Gexception@std@@UEAAPEAXI@Z 0000000140006064 f i msvcrt:throw_bad_alloc.obj
 0001:00005064       ??_Gbad_array_new_length@std@@UEAAPEAXI@Z 0000000140006064 f i msvcrt:throw_bad_alloc.obj
 0001:00005064       ??_Ebad_array_new_length@std@@UEAAPEAXI@Z 0000000140006064 f i msvcrt:throw_bad_alloc.obj
 0001:00005064       ??_Glength_error@std@@UEAAPEAXI@Z 0000000140006064 f i libcpmt:xthrow.obj
 0001:00005064       ??_Gbad_alloc@std@@UEAAPEAXI@Z 0000000140006064 f i msvcrt:throw_bad_alloc.obj
 0001:00005064       ??_Elength_error@std@@UEAAPEAXI@Z 0000000140006064 f i libcpmt:xthrow.obj
 0001:00005064       ??_Glogic_error@std@@UEAAPEAXI@Z 0000000140006064 f i libcpmt:xthrow.obj
 0001:00005064       ??_Ebad_alloc@std@@UEAAPEAXI@Z 0000000140006064 f i msvcrt:throw_bad_alloc.obj
 0001:000050a8       ?__scrt_throw_std_bad_alloc@@YAXXZ 00000001400060a8 f   msvcrt:throw_bad_alloc.obj
 0001:000050c8       ?__scrt_throw_std_bad_array_new_length@@YAXXZ 00000001400060c8 f   msvcrt:throw_bad_alloc.obj
 0001:000050e8       ?what@exception@std@@UEBAPEBDXZ 00000001400060e8 f i msvcrt:throw_bad_alloc.obj
 0001:000050fc       ??3@YAXPEAX@Z              00000001400060fc f   msvcrt:delete_scalar.obj
 0001:00005104       ??_Gtype_info@@UEAAPEAXI@Z 0000000140006104 f i msvcrt:std_type_info_static.obj
 0001:00005104       ??_Etype_info@@UEAAPEAXI@Z 0000000140006104 f i msvcrt:std_type_info_static.obj
 0001:0000512f       D3D11CreateDevice          000000014000612f f   d3d11:d3d11.dll
 0001:00005135       D3DCompile2                0000000140006135 f   d3dcompiler:D3DCOMPILER_47.dll
 0001:0000513c       ??0length_error@std@@QEAA@AEBV01@@Z 000000014000613c f i libcpmt:xthrow.obj
 0001:0000517c       ??0length_error@std@@QEAA@PEBD@Z 000000014000617c f i libcpmt:xthrow.obj
 0001:000051c8       ??0logic_error@std@@QEAA@AEBV01@@Z 00000001400061c8 f i libcpmt:xthrow.obj
 0001:00005208       ?_Xlength_error@std@@YAXPEBD@Z 0000000140006208 f   libcpmt:xthrow.obj
 0001:0000522b       _callnewh                  000000014000622b f   ucrt:api-ms-win-crt-heap-l1-1-0.dll
 0001:00005231       __std_exception_copy       0000000140006231 f   vcruntime:VCRUNTIME140.dll
 0001:00005237       __std_exception_destroy    0000000140006237 f   vcruntime:VCRUNTIME140.dll
 0001:0000523d       _CxxThrowException         000000014000623d f   vcruntime:VCRUNTIME140.dll
 0002:00000000       __imp_D3DCompile2          0000000140007000     d3dcompiler:D3DCOMPILER_47.dll
 0002:00000008       \177D3DCOMPILER_47_NULL_THUNK_DATA 0000000140007008     d3dcompiler:D3DCOMPILER_47.dll
 0002:00000010       __imp_CloseHandle          0000000140007010     kernel32:KERNEL32.dll
 0002:00000018       __imp_ReadFile             0000000140007018     kernel32:KERNEL32.dll
 0002:00000020       __imp_GetFileInformationByHandleEx 0000000140007020     kernel32:KERNEL32.dll
 0002:00000028       __imp_MultiByteToWideChar  0000000140007028     kernel32:KERNEL32.dll
 0002:00000030       __imp_ExitProcess          0000000140007030     kernel32:KERNEL32.dll
 0002:00000038       __imp_GetModuleHandleW     0000000140007038     kernel32:KERNEL32.dll
 0002:00000040       __imp_OutputDebugStringA   0000000140007040     kernel32:KERNEL32.dll
 0002:00000048       __imp_CreateFileA          0000000140007048     kernel32:KERNEL32.dll
 0002:00000050       \177KERNEL32_NULL_THUNK_DATA 0000000140007050     kernel32:KERNEL32.dll
 0002:00000058       __imp_RegisterClassExW     0000000140007058     user32:USER32.dll
 0002:00000060       __imp_DefWindowProcW       0000000140007060     user32:USER32.dll
 0002:00000068       __imp_ShowWindow           0000000140007068     user32:USER32.dll
 0002:00000070       __imp_GetClientRect        0000000140007070     user32:USER32.dll
 0002:00000078       __imp_AdjustWindowRect     0000000140007078     user32:USER32.dll
 0002:00000080       __imp_LoadCursorA          0000000140007080     user32:USER32.dll
 0002:00000088       __imp_LoadIconA            0000000140007088     user32:USER32.dll
 0002:00000090       __imp_TranslateMessage     0000000140007090     user32:USER32.dll
 0002:00000098       __imp_DispatchMessageA     0000000140007098     user32:USER32.dll
 0002:000000a0       __imp_PeekMessageW         00000001400070a0     user32:USER32.dll
 0002:000000a8       __imp_PostQuitMessage      00000001400070a8     user32:USER32.dll
 0002:000000b0       __imp_CreateWindowExW      00000001400070b0     user32:USER32.dll
 0002:000000b8       \177USER32_NULL_THUNK_DATA 00000001400070b8     user32:USER32.dll
 0002:000000c0       __imp___std_exception_destroy 00000001400070c0     vcruntime:VCRUNTIME140.dll
 0002:000000c8       __imp___std_exception_copy 00000001400070c8     vcruntime:VCRUNTIME140.dll
 0002:000000d0       __imp_memmove              00000001400070d0     vcruntime:VCRUNTIME140.dll
 0002:000000d8       __imp__CxxThrowException   00000001400070d8     vcruntime:VCRUNTIME140.dll
 0002:000000e0       \177VCRUNTIME140_NULL_THUNK_DATA 00000001400070e0     vcruntime:VCRUNTIME140.dll
 0002:000000e8       __imp_malloc               00000001400070e8     ucrt:api-ms-win-crt-heap-l1-1-0.dll
 0002:000000f0       __imp_free                 00000001400070f0     ucrt:api-ms-win-crt-heap-l1-1-0.dll
 0002:000000f8       __imp__callnewh            00000001400070f8     ucrt:api-ms-win-crt-heap-l1-1-0.dll
 0002:00000100       \177api-ms-win-crt-heap-l1-1-0_NULL_THUNK_DATA 0000000140007100     ucrt:api-ms-win-crt-heap-l1-1-0.dll
 0002:00000108       __imp_pow                  0000000140007108     ucrt:api-ms-win-crt-math-l1-1-0.dll
 0002:00000110       \177api-ms-win-crt-math-l1-1-0_NULL_THUNK_DATA 0000000140007110     ucrt:api-ms-win-crt-math-l1-1-0.dll
 0002:00000118       __imp__invalid_parameter_noinfo_noreturn 0000000140007118     ucrt:api-ms-win-crt-runtime-l1-1-0.dll
 0002:00000120       \177api-ms-win-crt-runtime-l1-1-0_NULL_THUNK_DATA 0000000140007120     ucrt:api-ms-win-crt-runtime-l1-1-0.dll
 0002:00000128       __imp___stdio_common_vsprintf 0000000140007128     ucrt:api-ms-win-crt-stdio-l1-1-0.dll
 0002:00000130       \177api-ms-win-crt-stdio-l1-1-0_NULL_THUNK_DATA 0000000140007130     ucrt:api-ms-win-crt-stdio-l1-1-0.dll
 0002:00000138       __imp_D3D11CreateDevice    0000000140007138     d3d11:d3d11.dll
 0002:00000140       \177d3d11_NULL_THUNK_DATA  0000000140007140     d3d11:d3d11.dll
 0002:00000148       __imp_CoCreateInstance     0000000140007148     ole32:ole32.dll
 0002:00000150       \177ole32_NULL_THUNK_DATA  0000000140007150     ole32:ole32.dll
 0002:00001520       _GUID_7632e1f5_ee65_4dca_87fd_84cd75f8838d 0000000140008520     unity_common.obj
 0002:00001530       _GUID_6f15aaf2_d208_4e89_9ab4_489535d34f9c 0000000140008530     unity_common.obj
 0002:00001540       _GUID_ec5ec8a9_c395_4314_9c77_54d7a935ff70 0000000140008540     unity_common.obj
 0002:00001550       _GUID_95b4f95f_d8da_4ca4_9ee6_3b76d5968a10 0000000140008550     unity_common.obj
 0002:00001560       _GUID_3c8d99d1_4fbf_4181_a82c_af66bf7bd24e 0000000140008560     unity_common.obj
 0002:00001570       _GUID_94d99bdb_f1f8_4ab0_b236_7da0170edab1 0000000140008570     unity_common.obj
 0002:00001580       _GUID_8ffde202_a0e7_45df_9e01_e837801b5ea0 0000000140008580     unity_common.obj
 0002:00001590       _GUID_917600da_f58c_4c33_98d8_3e15b390fa24 0000000140008590     unity_common.obj
 0002:000015a0       __real@3f800000            00000001400085a0     unity_common.obj
 0002:000015a4       __real@40000000            00000001400085a4     unity_common.obj
 0002:000015a8       __real@bf800000            00000001400085a8     unity_common.obj
 0002:000015d8       ??_C@_0BD@OLBABOEK@vector?$DMT?$DO?5too?5long@ 00000001400085d8     unity_pathman.obj
 0002:000015f8       ??_7exception@std@@6B@     00000001400085f8     msvcrt:throw_bad_alloc.obj
 0002:00001608       ??_C@_0BC@EOODALEL@Unknown?5exception@ 0000000140008608     msvcrt:throw_bad_alloc.obj
 0002:00001628       ??_7bad_alloc@std@@6B@     0000000140008628     msvcrt:throw_bad_alloc.obj
 0002:00001638       ??_C@_0P@GHFPNOJB@bad?5allocation@ 0000000140008638     msvcrt:throw_bad_alloc.obj
 0002:00001650       ??_7bad_array_new_length@std@@6B@ 0000000140008650     msvcrt:throw_bad_alloc.obj
 0002:00001660       ??_C@_0BF@KINCDENJ@bad?5array?5new?5length@ 0000000140008660     msvcrt:throw_bad_alloc.obj
 0002:00001680       ??_7type_info@@6B@         0000000140008680     msvcrt:std_type_info_static.obj
 0002:00001688       CLSID_WICImagingFactory2   0000000140008688     dxguid:d3d10guid.obj
 0002:00001698       GUID_VendorMicrosoftBuiltIn 0000000140008698     dxguid:d3d10guid.obj
 0002:000016b0       ??_7logic_error@std@@6B@   00000001400086b0     libcpmt:xthrow.obj
 0002:000016c8       ??_7length_error@std@@6B@  00000001400086c8     libcpmt:xthrow.obj
 0002:00001738       ??_R4exception@std@@6B@    0000000140008738     msvcrt:throw_bad_alloc.obj
 0002:00001760       ??_R3exception@std@@8      0000000140008760     msvcrt:throw_bad_alloc.obj
 0002:00001778       ??_R2exception@std@@8      0000000140008778     msvcrt:throw_bad_alloc.obj
 0002:00001788       ??_R1A@?0A@EA@exception@std@@8 0000000140008788     msvcrt:throw_bad_alloc.obj
 0002:000017b0       ??_R4bad_alloc@std@@6B@    00000001400087b0     msvcrt:throw_bad_alloc.obj
 0002:000017d8       ??_R3bad_alloc@std@@8      00000001400087d8     msvcrt:throw_bad_alloc.obj
 0002:000017f0       ??_R2bad_alloc@std@@8      00000001400087f0     msvcrt:throw_bad_alloc.obj
 0002:00001808       ??_R1A@?0A@EA@bad_alloc@std@@8 0000000140008808     msvcrt:throw_bad_alloc.obj
 0002:00001830       ??_R4bad_array_new_length@std@@6B@ 0000000140008830     msvcrt:throw_bad_alloc.obj
 0002:00001858       ??_R3bad_array_new_length@std@@8 0000000140008858     msvcrt:throw_bad_alloc.obj
 0002:00001870       ??_R2bad_array_new_length@std@@8 0000000140008870     msvcrt:throw_bad_alloc.obj
 0002:00001890       ??_R1A@?0A@EA@bad_array_new_length@std@@8 0000000140008890     msvcrt:throw_bad_alloc.obj
 0002:000018b8       ??_R4type_info@@6B@        00000001400088b8     msvcrt:std_type_info_static.obj
 0002:000018e0       ??_R3type_info@@8          00000001400088e0     msvcrt:std_type_info_static.obj
 0002:000018f8       ??_R2type_info@@8          00000001400088f8     msvcrt:std_type_info_static.obj
 0002:00001908       ??_R1A@?0A@EA@type_info@@8 0000000140008908     msvcrt:std_type_info_static.obj
 0002:00001930       ??_R4logic_error@std@@6B@  0000000140008930     libcpmt:xthrow.obj
 0002:00001958       ??_R3logic_error@std@@8    0000000140008958     libcpmt:xthrow.obj
 0002:00001970       ??_R2logic_error@std@@8    0000000140008970     libcpmt:xthrow.obj
 0002:00001988       ??_R1A@?0A@EA@logic_error@std@@8 0000000140008988     libcpmt:xthrow.obj
 0002:000019b0       ??_R4length_error@std@@6B@ 00000001400089b0     libcpmt:xthrow.obj
 0002:000019d8       ??_R3length_error@std@@8   00000001400089d8     libcpmt:xthrow.obj
 0002:000019f0       ??_R2length_error@std@@8   00000001400089f0     libcpmt:xthrow.obj
 0002:00001a10       ??_R1A@?0A@EA@length_error@std@@8 0000000140008a10     libcpmt:xthrow.obj
 0002:00001e08       _TI2?AVbad_alloc@std@@     0000000140008e08     msvcrt:throw_bad_alloc.obj
 0002:00001e28       _CTA2?AVbad_alloc@std@@    0000000140008e28     msvcrt:throw_bad_alloc.obj
 0002:00001e40       _CT??_R0?AVbad_alloc@std@@@8??0bad_alloc@std@@QEAA@AEBV01@@Z24 0000000140008e40     msvcrt:throw_bad_alloc.obj
 0002:00001e68       _CT??_R0?AVexception@std@@@8??0exception@std@@QEAA@AEBV01@@Z24 0000000140008e68     msvcrt:throw_bad_alloc.obj
 0002:00001e90       _TI3?AVbad_array_new_length@std@@ 0000000140008e90     msvcrt:throw_bad_alloc.obj
 0002:00001eb0       _CTA3?AVbad_array_new_length@std@@ 0000000140008eb0     msvcrt:throw_bad_alloc.obj
 0002:00001ed0       _CT??_R0?AVbad_array_new_length@std@@@8??0bad_array_new_length@std@@QEAA@AEBV01@@Z24 0000000140008ed0     msvcrt:throw_bad_alloc.obj
 0002:00001ef8       _CT??_R0?AVlogic_error@std@@@8??0logic_error@std@@QEAA@AEBV01@@Z24 0000000140008ef8     libcpmt:xthrow.obj
 0002:00001f20       _TI3?AVlength_error@std@@  0000000140008f20     libcpmt:xthrow.obj
 0002:00001f40       _CTA3?AVlength_error@std@@ 0000000140008f40     libcpmt:xthrow.obj
 0002:00001f60       _CT??_R0?AVlength_error@std@@@8??0length_error@std@@QEAA@AEBV01@@Z24 0000000140008f60     libcpmt:xthrow.obj
 0002:00001f84       __IMPORT_DESCRIPTOR_KERNEL32 0000000140008f84     kernel32:KERNEL32.dll
 0002:00001f98       __IMPORT_DESCRIPTOR_USER32 0000000140008f98     user32:USER32.dll
 0002:00001fac       __IMPORT_DESCRIPTOR_api-ms-win-crt-stdio-l1-1-0 0000000140008fac     ucrt:api-ms-win-crt-stdio-l1-1-0.dll
 0002:00001fc0       __IMPORT_DESCRIPTOR_api-ms-win-crt-heap-l1-1-0 0000000140008fc0     ucrt:api-ms-win-crt-heap-l1-1-0.dll
 0002:00001fd4       __IMPORT_DESCRIPTOR_api-ms-win-crt-runtime-l1-1-0 0000000140008fd4     ucrt:api-ms-win-crt-runtime-l1-1-0.dll
 0002:00001fe8       __IMPORT_DESCRIPTOR_api-ms-win-crt-math-l1-1-0 0000000140008fe8     ucrt:api-ms-win-crt-math-l1-1-0.dll
 0002:00001ffc       __IMPORT_DESCRIPTOR_VCRUNTIME140 0000000140008ffc     vcruntime:VCRUNTIME140.dll
 0002:00002010       __IMPORT_DESCRIPTOR_d3d11  0000000140009010     d3d11:d3d11.dll
 0002:00002024       __IMPORT_DESCRIPTOR_D3DCOMPILER_47 0000000140009024     d3dcompiler:D3DCOMPILER_47.dll
 0002:00002038       __IMPORT_DESCRIPTOR_ole32  0000000140009038     ole32:ole32.dll
 0002:0000204c       __NULL_IMPORT_DESCRIPTOR   000000014000904c     kernel32:KERNEL32.dll
 0003:00000380       _fltused                   000000014000a380     msvcrt:fltused.obj
 0003:00000388       ??_R0?AVbad_alloc@std@@@8  000000014000a388     msvcrt:throw_bad_alloc.obj
 0003:000003b0       ??_R0?AVexception@std@@@8  000000014000a3b0     msvcrt:throw_bad_alloc.obj
 0003:000003d8       ??_R0?AVbad_array_new_length@std@@@8 000000014000a3d8     msvcrt:throw_bad_alloc.obj
 0003:00000408       ??_R0?AVtype_info@@@8      000000014000a408     msvcrt:std_type_info_static.obj
 0003:00000428       ??_R0?AVlogic_error@std@@@8 000000014000a428     libcpmt:xthrow.obj
 0003:00000450       ??_R0?AVlength_error@std@@@8 000000014000a450     libcpmt:xthrow.obj
 0003:00000478       ?_OptionsStorage@?1??__local_stdio_printf_options@@9@4_KA 000000014000a478     unity_common.obj

 entry point at        0001:00003070

 Static symbols

 0000:ffff3000       .debug$S                   0000000140000000     vcruntime:VCRUNTIME140.dll
 0000:ffff3000       .debug$S                   0000000140000000     vcruntime:VCRUNTIME140.dll
 0000:ffff3000       .debug$S                   0000000140000000     vcruntime:VCRUNTIME140.dll
 0000:ffff3000       .debug$S                   0000000140000000     ucrt:api-ms-win-crt-heap-l1-1-0.dll
 0000:ffff3000       .debug$S                   0000000140000000     ucrt:api-ms-win-crt-math-l1-1-0.dll
 0000:ffff3000       .debug$S                   0000000140000000     ucrt:api-ms-win-crt-runtime-l1-1-0.dll
 0000:ffff3000       .debug$S                   0000000140000000     ucrt:api-ms-win-crt-heap-l1-1-0.dll
 0000:ffff3000       .debug$S                   0000000140000000     ucrt:api-ms-win-crt-heap-l1-1-0.dll
 0000:ffff3000       .debug$S                   0000000140000000     ucrt:api-ms-win-crt-stdio-l1-1-0.dll
 0000:ffff3000       .debug$S                   0000000140000000     user32:USER32.dll
 0000:ffff3000       .debug$S                   0000000140000000     user32:USER32.dll
 0000:ffff3000       .debug$S                   0000000140000000     user32:USER32.dll
 0000:ffff3000       .debug$S                   0000000140000000     user32:USER32.dll
 0000:ffff3000       .debug$S                   0000000140000000     user32:USER32.dll
 0000:ffff3000       .debug$S                   0000000140000000     user32:USER32.dll
 0000:ffff3000       .debug$S                   0000000140000000     kernel32:KERNEL32.dll
 0000:ffff3000       .debug$S                   0000000140000000     kernel32:KERNEL32.dll
 0000:ffff3000       .debug$S                   0000000140000000     ole32:ole32.dll
 0000:ffff3000       .debug$S                   0000000140000000     kernel32:KERNEL32.dll
 0000:ffff3000       .debug$S                   0000000140000000     d3dcompiler:D3DCOMPILER_47.dll
 0000:ffff3000       .debug$S                   0000000140000000     kernel32:KERNEL32.dll
 0000:ffff3000       .debug$S                   0000000140000000     d3d11:d3d11.dll
 0000:ffff3000       .debug$S                   0000000140000000     kernel32:KERNEL32.dll
 0000:ffff3000       .debug$S                   0000000140000000     kernel32:KERNEL32.dll
 0000:ffff3000       .debug$S                   0000000140000000     kernel32:KERNEL32.dll
 0000:ffff3000       .debug$S                   0000000140000000     kernel32:KERNEL32.dll
 0000:ffff3000       .debug$S                   0000000140000000     user32:USER32.dll
 0000:ffff3000       .debug$S                   0000000140000000     user32:USER32.dll
 0000:ffff3000       .debug$S                   0000000140000000     user32:USER32.dll
 0000:ffff3000       .debug$S                   0000000140000000     user32:USER32.dll
 0000:ffff3000       .debug$S                   0000000140000000     user32:USER32.dll
 0000:ffff3000       .debug$S                   0000000140000000     user32:USER32.dll
 0000:ffff3000       .debug$S                   0000000140000000     vcruntime:VCRUNTIME140.dll
 0001:00001630       ?wnd_proc@@YA_JPEAUHWND__@@I_K_J@Z 0000000140002630 f   unity_common.obj
 0001:00001680       ?get_client_rect@@YA?AUtagRECT@@PEAUHWND__@@@Z 0000000140002680 f   unity_common.obj
 0001:00001700       ?create_swap_chain@@YAXPEAUd3d_context@@PEAUdisplay_context@@@Z 0000000140002700 f   unity_common.obj
 0001:00001c00       ?compile_shader@@YAPEAUID3D10Blob@@PEBD_KW4shader_type@@0@Z 0000000140002c00 f   unity_common.obj
 0001:00001d30       ?sprite_batch_map@@YAXPEAUsprite_batch@@@Z 0000000140002d30 f   unity_common.obj
 0001:00001e10       ?sprite_batch_unmap@@YAXPEAUsprite_batch@@@Z 0000000140002e10 f   unity_common.obj
 0001:00001e90       ?sprite_batch_flush@@YAXPEAUsprite_batch@@@Z 0000000140002e90 f   unity_common.obj
 0001:00002320       ?draw_sprite@@YAXPEAUsprite_batch@@PEAUtexture@@HHHH@Z 0000000140003320 f   unity_pathman.obj
 0001:000023c0       ?render@@YAXPEAUd3d_context@@PEAUsprite_batch@@PEAUtexture@@@Z 00000001400033c0 f   unity_pathman.obj
 0001:00002580       ?load_sprite_sheet@@YAXPEAUtexture@@PEAUd3d_context@@@Z 0000000140003580 f   unity_pathman.obj
 0001:00004eb0       $$000000                   0000000140005eb0     msvcrt:chkstk.obj
 0002:00000160       $SG125754                  0000000140007160     unity_common.obj
 0002:00000168       $SG125755                  0000000140007168     unity_common.obj
 0002:000001a4       $SG125798                  00000001400071a4     unity_common.obj
 0002:000001a8       $SG125756                  00000001400071a8     unity_common.obj
 0002:000001c8       $SG125789                  00000001400071c8     unity_common.obj
 0002:000001e0       $SG125791                  00000001400071e0     unity_common.obj
 0002:000001f0       $SG125792                  00000001400071f0     unity_common.obj
 0002:0000022c       $SG125919                  000000014000722c     unity_common.obj
 0002:00000238       $SG125793                  0000000140007238     unity_common.obj
 0002:00000258       $SG125796                  0000000140007258     unity_common.obj
 0002:00000270       $SG125799                  0000000140007270     unity_common.obj
 0002:000002b0       $SG125800                  00000001400072b0     unity_common.obj
 0002:000002d0       $SG125857                  00000001400072d0     unity_common.obj
 0002:00000310       $SG125858                  0000000140007310     unity_common.obj
 0002:00000338       $SG125860                  0000000140007338     unity_common.obj
 0002:00000378       $SG125861                  0000000140007378     unity_common.obj
 0002:000003a0       $SG125863                  00000001400073a0     unity_common.obj
 0002:000003e0       $SG125864                  00000001400073e0     unity_common.obj
 0002:00000408       $SG125866                  0000000140007408     unity_common.obj
 0002:00000448       $SG125867                  0000000140007448     unity_common.obj
 0002:00000470       $SG125869                  0000000140007470     unity_common.obj
 0002:000004b0       $SG125870                  00000001400074b0     unity_common.obj
 0002:000004d8       $SG125872                  00000001400074d8     unity_common.obj
 0002:00000518       $SG125873                  0000000140007518     unity_common.obj
 0002:00000540       $SG125875                  0000000140007540     unity_common.obj
 0002:00000580       $SG125876                  0000000140007580     unity_common.obj
 0002:000005a8       $SG125900                  00000001400075a8     unity_common.obj
 0002:000005e8       $SG125901                  00000001400075e8     unity_common.obj
 0002:0000060c       $SG125921                  000000014000760c     unity_common.obj
 0002:00000614       $SG125922                  0000000140007614     unity_common.obj
 0002:00000620       $SG125924                  0000000140007620     unity_common.obj
 0002:00000640       $SG125938                  0000000140007640     unity_common.obj
 0002:00000680       $SG125939                  0000000140007680     unity_common.obj
 0002:000006a8       $SG125953                  00000001400076a8     unity_common.obj
 0002:000006e8       $SG125954                  00000001400076e8     unity_common.obj
 0002:00000710       $SG126029                  0000000140007710     unity_common.obj
 0002:00000750       $SG126030                  0000000140007750     unity_common.obj
 0002:00000778       $SG126032                  0000000140007778     unity_common.obj
 0002:000007b8       $SG126033                  00000001400077b8     unity_common.obj
 0002:000007e0       $SG126035                  00000001400077e0     unity_common.obj
 0002:00000820       $SG126036                  0000000140007820     unity_common.obj
 0002:00000848       $SG126038                  0000000140007848     unity_common.obj
 0002:00000888       $SG126039                  0000000140007888     unity_common.obj
 0002:000008b0       $SG126041                  00000001400078b0     unity_common.obj
 0002:000008f0       $SG126042                  00000001400078f0     unity_common.obj
 0002:00000918       $SG126044                  0000000140007918     unity_common.obj
 0002:00000958       $SG126045                  0000000140007958     unity_common.obj
 0002:00000980       $SG126047                  0000000140007980     unity_common.obj
 0002:000009c0       $SG126048                  00000001400079c0     unity_common.obj
 0002:000009e8       $SG126050                  00000001400079e8     unity_common.obj
 0002:00000a28       $SG126051                  0000000140007a28     unity_common.obj
 0002:00000a50       $SG126053                  0000000140007a50     unity_common.obj
 0002:00000a90       $SG126054                  0000000140007a90     unity_common.obj
 0002:00000ab8       $SG126115                  0000000140007ab8     unity_common.obj
 0002:00000ae0       ?sprite_shader@@3QBDB      0000000140007ae0     unity_common.obj
 0002:00001194       $SG126147                  0000000140008194     unity_common.obj
 0002:000011a0       $SG126114                  00000001400081a0     unity_common.obj
 0002:000011e4       $SG126148                  00000001400081e4     unity_common.obj
 0002:000011f0       $SG126150                  00000001400081f0     unity_common.obj
 0002:00001238       $SG126151                  0000000140008238     unity_common.obj
 0002:00001260       $SG126153                  0000000140008260     unity_common.obj
 0002:000012a8       $SG126154                  00000001400082a8     unity_common.obj
 0002:000012d0       $SG126156                  00000001400082d0     unity_common.obj
 0002:00001318       $SG126157                  0000000140008318     unity_common.obj
 0002:00001340       $SG126337                  0000000140008340     unity_common.obj
 0002:00001378       $SG126338                  0000000140008378     unity_common.obj
 0002:000013a0       $SG126348                  00000001400083a0     unity_common.obj
 0002:000013d8       $SG126349                  00000001400083d8     unity_common.obj
 0002:00001400       $SG126359                  0000000140008400     unity_common.obj
 0002:00001438       $SG126360                  0000000140008438     unity_common.obj
 0002:00001460       $SG126370                  0000000140008460     unity_common.obj
 0002:00001498       $SG126371                  0000000140008498     unity_common.obj
 0002:000014c0       $SG126381                  00000001400084c0     unity_common.obj
 0002:000014f8       $SG126382                  00000001400084f8     unity_common.obj
 0002:000015b0       $SG142496                  00000001400085b0     unity_pathman.obj
 0002:000015c8       $SG143419                  00000001400085c8     unity_pathman.obj
 0002:00001bc0       $unwind$??$_Uninitialized_move_al_unchecked@PEAUnode@@PEAU1@V?$allocator@Unode@@@std@@@std@@YAPEAUnode@@PEAU1@QEAU1@1AEAV?$allocator@Unode@@@0@U_General_ptr_iterator_tag@0@U_Unused_parameter@0@@Z 0000000140008bc0     unity_pathman.obj
 0002:00001bc0       $unwind$??$find@V?$_Vector_iterator@V?$_Vector_val@U?$_Simple_types@Unode@@@std@@@std@@@std@@Unode@@@std@@YA?AV?$_Vector_iterator@V?$_Vector_val@U?$_Simple_types@Unode@@@std@@@std@@@0@V10@V10@AEBUnode@@@Z 0000000140008bc0     unity_pathman.obj
 0002:00001bc0       $unwind$vsnprintf          0000000140008bc0     unity_common.obj
 0002:00001bc8       $unwind$?create_display@@YAXPEAUdisplay_context@@PEBDHHHH_N@Z 0000000140008bc8     unity_common.obj
 0002:00001bd4       $unwind$?init_d3d@@YAXPEAUd3d_context@@PEAUdisplay_context@@_N@Z 0000000140008bd4     unity_common.obj
 0002:00001bdc       $unwind$?term_d3d@@YAXPEAUd3d_context@@@Z 0000000140008bdc     unity_common.obj
 0002:00001be4       $unwind$?begin_frame@@YAXPEAUd3d_context@@@Z 0000000140008be4     unity_common.obj
 0002:00001bec       $unwind$?end_frame@@YAXPEAUd3d_context@@@Z 0000000140008bec     unity_common.obj
 0002:00001bf4       $unwind$?compile_vertex_shader@@YAPEAUID3D11VertexShader@@PEAPEAUID3D10Blob@@PEAUd3d_context@@PEBD_K2@Z 0000000140008bf4     unity_common.obj
 0002:00001bfc       $unwind$?compile_pixel_shader@@YAPEAUID3D11PixelShader@@PEAUd3d_context@@PEBD_K1@Z 0000000140008bfc     unity_common.obj
 0002:00001c04       $unwind$?read_entire_file@@YAPEAXPEBDPEA_K@Z 0000000140008c04     unity_common.obj
 0002:00001c0c       $unwind$?load_png@@YAXPEAUd3d_context@@PEAUtexture@@PEAX_K@Z 0000000140008c0c     unity_common.obj
 0002:00001c18       $unwind$?debug_printf@@YAXPEBDZZ 0000000140008c18     unity_common.obj
 0002:00001c20       $unwind$?sprite_batch_init@@YAXPEAUsprite_batch@@PEAUd3d_context@@@Z 0000000140008c20     unity_common.obj
 0002:00001c2c       $unwind$?sprite_batch_term@@YAXPEAUsprite_batch@@@Z 0000000140008c2c     unity_common.obj
 0002:00001c34       $unwind$?sprite_batch_begin@@YAXPEAUsprite_batch@@@Z 0000000140008c34     unity_common.obj
 0002:00001c3c       $unwind$?sprite_batch_end@@YAXPEAUsprite_batch@@@Z 0000000140008c3c     unity_common.obj
 0002:00001c44       $unwind$?sprite_batch_draw@@YAXPEAUsprite_batch@@PEAUtexture@@HHHHHHHH@Z 0000000140008c44     unity_common.obj
 0002:00001c4c       $unwind$?wnd_proc@@YA_JPEAUHWND__@@I_K_J@Z 0000000140008c4c     unity_common.obj
 0002:00001c54       $unwind$?get_client_rect@@YA?AUtagRECT@@PEAUHWND__@@@Z 0000000140008c54     unity_common.obj
 0002:00001c60       $unwind$?create_swap_chain@@YAXPEAUd3d_context@@PEAUdisplay_context@@@Z 0000000140008c60     unity_common.obj
 0002:00001c6c       $unwind$?compile_shader@@YAPEAUID3D10Blob@@PEBD_KW4shader_type@@0@Z 0000000140008c6c     unity_common.obj
 0002:00001c74       $unwind$?sprite_batch_map@@YAXPEAUsprite_batch@@@Z 0000000140008c74     unity_common.obj
 0002:00001c7c       $unwind$?sprite_batch_unmap@@YAXPEAUsprite_batch@@@Z 0000000140008c7c     unity_common.obj
 0002:00001c84       $unwind$?sprite_batch_flush@@YAXPEAUsprite_batch@@@Z 0000000140008c84     unity_common.obj
 0002:00001c8c       $unwind$??$com_cast@UIDXGIAdapter4@@@@YAPEAUIDXGIAdapter4@@PEAUIUnknown@@@Z 0000000140008c8c     unity_common.obj
 0002:00001c8c       $unwind$??$com_cast@UIDXGISwapChain3@@@@YAPEAUIDXGISwapChain3@@PEAUIUnknown@@@Z 0000000140008c8c     unity_common.obj
 0002:00001c8c       $unwind$??$com_cast@UID3D11DeviceContext4@@@@YAPEAUID3D11DeviceContext4@@PEAUIUnknown@@@Z 0000000140008c8c     unity_common.obj
 0002:00001c8c       $unwind$??$com_cast@UIDXGIDevice4@@@@YAPEAUIDXGIDevice4@@PEAUIUnknown@@@Z 0000000140008c8c     unity_common.obj
 0002:00001c8c       $unwind$??$_Allocate_manually_vector_aligned@U_Default_allocate_traits@std@@@std@@YAPEAX_K@Z 0000000140008c8c     unity_pathman.obj
 0002:00001c8c       $unwind$??$com_cast@UID3D11Device5@@@@YAPEAUID3D11Device5@@PEAUIUnknown@@@Z 0000000140008c8c     unity_common.obj
 0002:00001c94       $unwind$?_Mylast@?$_Vector_alloc@U?$_Vec_base_types@Unode@@V?$allocator@Unode@@@std@@@std@@@std@@QEAAAEAPEAUnode@@XZ 0000000140008c94     unity_pathman.obj
 0002:00001c94       $unwind$??1?$vector@Unode@@V?$allocator@Unode@@@std@@@std@@QEAA@XZ 0000000140008c94     unity_pathman.obj
 0002:00001c94       $unwind$??$_Get_unwrapped@V?$_Vector_iterator@V?$_Vector_val@U?$_Simple_types@Unode@@@std@@@std@@@std@@$0A@@std@@YAPEAUnode@@AEBV?$_Vector_iterator@V?$_Vector_val@U?$_Simple_types@Unode@@@std@@@std@@@0@@Z 0000000140008c94     unity_pathman.obj
 0002:00001c94       $unwind$??1?$_Uninitialized_backout_al@PEAUnode@@V?$allocator@Unode@@@std@@@std@@QEAA@XZ 0000000140008c94     unity_pathman.obj
 0002:00001c94       $unwind$?_Orphan_all@?$_Vector_alloc@U?$_Vec_base_types@Unode@@V?$allocator@Unode@@@std@@@std@@@std@@QEAAXXZ 0000000140008c94     unity_pathman.obj
 0002:00001c94       $unwind$?_Myend@?$_Vector_alloc@U?$_Vec_base_types@Unode@@V?$allocator@Unode@@@std@@@std@@@std@@QEBAAEBQEAUnode@@XZ 0000000140008c94     unity_pathman.obj
 0002:00001c94       $unwind$?_Allocate@_Default_allocate_traits@std@@SAPEAX_K@Z 0000000140008c94     unity_pathman.obj
 0002:00001c94       $unwind$?_Mylast@?$_Vector_alloc@U?$_Vec_base_types@Unode@@V?$allocator@Unode@@@std@@@std@@@std@@QEBAAEBQEAUnode@@XZ 0000000140008c94     unity_pathman.obj
 0002:00001c94       $unwind$??$_Allocate@$0BA@U_Default_allocate_traits@std@@$0A@@std@@YAPEAX_K@Z 0000000140008c94     unity_pathman.obj
 0002:00001c94       $unwind$?_Getal@?$_Vector_alloc@U?$_Vec_base_types@Unode@@V?$allocator@Unode@@@std@@@std@@@std@@QEAAAEAV?$allocator@Unode@@@2@XZ 0000000140008c94     unity_pathman.obj
 0002:00001c94       $unwind$?_Myfirst@?$_Vector_alloc@U?$_Vec_base_types@Unode@@V?$allocator@Unode@@@std@@@std@@@std@@QEAAAEAPEAUnode@@XZ 0000000140008c94     unity_pathman.obj
 0002:00001c94       $unwind$?_Get_data@?$_Vector_alloc@U?$_Vec_base_types@Unode@@V?$allocator@Unode@@@std@@@std@@@std@@QEBAAEBV?$_Vector_val@U?$_Simple_types@Unode@@@std@@@2@XZ 0000000140008c94     unity_pathman.obj
 0002:00001c94       $unwind$?_Myfirst@?$_Vector_alloc@U?$_Vec_base_types@Unode@@V?$allocator@Unode@@@std@@@std@@@std@@QEBAAEBQEAUnode@@XZ 0000000140008c94     unity_pathman.obj
 0002:00001c94       $unwind$?_Getal@?$_Vector_alloc@U?$_Vec_base_types@Unode@@V?$allocator@Unode@@@std@@@std@@@std@@QEBAAEBV?$allocator@Unode@@@2@XZ 0000000140008c94     unity_pathman.obj
 0002:00001c94       $unwind$??0?$vector@Unode@@V?$allocator@Unode@@@std@@@std@@QEAA@XZ 0000000140008c94     unity_pathman.obj
 0002:00001c94       $unwind$?_Get_data@?$_Vector_alloc@U?$_Vec_base_types@Unode@@V?$allocator@Unode@@@std@@@std@@@std@@QEAAAEAV?$_Vector_val@U?$_Simple_types@Unode@@@std@@@2@XZ 0000000140008c94     unity_pathman.obj
 0002:00001c94       $unwind$?_Myend@?$_Vector_alloc@U?$_Vec_base_types@Unode@@V?$allocator@Unode@@@std@@@std@@@std@@QEAAAEAPEAUnode@@XZ 0000000140008c94     unity_pathman.obj
 0002:00001c9c       $unwind$??$_Emplace_back@Unode@@@?$_Uninitialized_backout_al@PEAUnode@@V?$allocator@Unode@@@std@@@std@@QEAAX$$QEAUnode@@@Z 0000000140008c9c     unity_pathman.obj
 0002:00001c9c       $unwind$??$?0V?$allocator@Unode@@@std@@X@?$_Vector_alloc@U?$_Vec_base_types@Unode@@V?$allocator@Unode@@@std@@@std@@@std@@QEAA@$$QEAV?$allocator@Unode@@@1@@Z 0000000140008c9c     unity_pathman.obj
 0002:00001c9c       $unwind$??$emplace_back@AEBUnode@@@?$vector@Unode@@V?$allocator@Unode@@@std@@@std@@QEAAAEAUnode@@AEBU2@@Z 0000000140008c9c     unity_pathman.obj
 0002:00001c9c       $unwind$?_Calculate_growth@?$vector@Unode@@V?$allocator@Unode@@@std@@@std@@AEBA_K_K@Z 0000000140008c9c     unity_pathman.obj
 0002:00001c9c       $unwind$??$emplace_back@Unode@@@?$vector@Unode@@V?$allocator@Unode@@@std@@@std@@QEAAAEAUnode@@$$QEAU2@@Z 0000000140008c9c     unity_pathman.obj
 0002:00001c9c       $unwind$?_Adjust_manually_vector_aligned@std@@YAXAEAPEAXAEA_K@Z 0000000140008c9c     unity_pathman.obj
 0002:00001ca4       $unwind$??$_Min_value@_K@std@@YAAEB_KAEB_K0@Z 0000000140008ca4     unity_pathman.obj
 0002:00001cac       $unwind$?draw_sprite@@YAXPEAUsprite_batch@@PEAUtexture@@HHHH@Z 0000000140008cac     unity_pathman.obj
 0002:00001cb4       $unwind$?render@@YAXPEAUd3d_context@@PEAUsprite_batch@@PEAUtexture@@@Z 0000000140008cb4     unity_pathman.obj
 0002:00001cbc       $unwind$?load_sprite_sheet@@YAXPEAUtexture@@PEAUd3d_context@@@Z 0000000140008cbc     unity_pathman.obj
 0002:00001cc4       $unwind$?getLowestF@@YA?AUnode@@AEBV?$vector@Unode@@V?$allocator@Unode@@@std@@@std@@@Z 0000000140008cc4     unity_pathman.obj
 0002:00001cd0       $unwind$?removeNode@@YAXAEAV?$vector@Unode@@V?$allocator@Unode@@@std@@@std@@AEBUnode@@@Z 0000000140008cd0     unity_pathman.obj
 0002:00001cd8       $unwind$?makeNode@@YA?AUnode@@HH@Z 0000000140008cd8     unity_pathman.obj
 0002:00001ce4       $unwind$?getAdjacent@@YA?AV?$vector@Unode@@V?$allocator@Unode@@@std@@@std@@Unode@@@Z 0000000140008ce4     unity_pathman.obj
 0002:00001cec       $unwind$?inList@@YA_NAEAV?$vector@Unode@@V?$allocator@Unode@@@std@@@std@@AEAUnode@@@Z 0000000140008cec     unity_pathman.obj
 0002:00001cf4       $unwind$?getNodeInList@@YA?AUnode@@AEAV?$vector@Unode@@V?$allocator@Unode@@@std@@@std@@AEAU1@@Z 0000000140008cf4     unity_pathman.obj
 0002:00001d00       $unwind$?distanceBetweenNodes@@YAMAEBUnode@@0@Z 0000000140008d00     unity_pathman.obj
 0002:00001d08       $unwind$?pathFinding@@YA?AV?$vector@Unode@@V?$allocator@Unode@@@std@@@std@@XZ 0000000140008d08     unity_pathman.obj
 0002:00001d14       $unwind$main               0000000140008d14     unity_pathman.obj
 0002:00001d1c       $unwind$??0node@@QEAA@HH@Z 0000000140008d1c     unity_pathman.obj
 0002:00001d1c       $unwind$??$?0V?$allocator@Unode@@@std@@$$V@?$_Compressed_pair@V?$allocator@Unode@@@std@@V?$_Vector_val@U?$_Simple_types@Unode@@@std@@@2@$00@std@@QEAA@U_One_then_variadic_args_t@1@$$QEAV?$allocator@Unode@@@1@@Z 0000000140008d1c     unity_pathman.obj
 0002:00001d24       $unwind$??$_Reverse_unchecked1@PEAUnode@@@std@@YAXPEAUnode@@0U?$integral_constant@_K$0A@@0@@Z 0000000140008d24     unity_pathman.obj
 0002:00001d24       $unwind$?deallocate@?$allocator@Unode@@@std@@QEAAXQEAUnode@@_K@Z 0000000140008d24     unity_pathman.obj
 0002:00001d24       $unwind$??0?$_Vector_iterator@V?$_Vector_val@U?$_Simple_types@Unode@@@std@@@std@@@std@@QEAA@PEAUnode@@PEBU_Container_base0@1@@Z 0000000140008d24     unity_pathman.obj
 0002:00001d24       $unwind$??0?$_Vector_const_iterator@V?$_Vector_val@U?$_Simple_types@Unode@@@std@@@std@@@std@@QEAA@PEAUnode@@PEBU_Container_base0@1@@Z 0000000140008d24     unity_pathman.obj
 0002:00001d24       $unwind$?_Destroy@?$vector@Unode@@V?$allocator@Unode@@@std@@@std@@AEAAXPEAUnode@@0@Z 0000000140008d24     unity_pathman.obj
 0002:00001d2c       $unwind$?allocate@?$allocator@Unode@@@std@@QEAAPEAUnode@@_K@Z 0000000140008d2c     unity_pathman.obj
 0002:00001d2c       $unwind$??$_Deallocate@$0BA@$0A@@std@@YAXPEAX_K@Z 0000000140008d2c     unity_pathman.obj
 0002:00001d2c       $unwind$?push_back@?$vector@Unode@@V?$allocator@Unode@@@std@@@std@@QEAAXAEBUnode@@@Z 0000000140008d2c     unity_pathman.obj
 0002:00001d2c       $unwind$?push_back@?$vector@Unode@@V?$allocator@Unode@@@std@@@std@@QEAAX$$QEAUnode@@@Z 0000000140008d2c     unity_pathman.obj
 0002:00001d2c       $unwind$?_Seek_to@?$_Vector_const_iterator@V?$_Vector_val@U?$_Simple_types@Unode@@@std@@@std@@@std@@QEAAXPEBUnode@@@Z 0000000140008d2c     unity_pathman.obj
 0002:00001d2c       $unwind$??$iter_swap@PEAUnode@@PEAU1@@std@@YAXPEAUnode@@0@Z 0000000140008d2c     unity_pathman.obj
 0002:00001d2c       $unwind$??A?$vector@Unode@@V?$allocator@Unode@@@std@@@std@@QEAAAEAUnode@@_K@Z 0000000140008d2c     unity_pathman.obj
 0002:00001d2c       $unwind$??A?$vector@Unode@@V?$allocator@Unode@@@std@@@std@@QEBAAEBUnode@@_K@Z 0000000140008d2c     unity_pathman.obj
 0002:00001d2c       $unwind$??$_Seek_wrapped@V?$_Vector_iterator@V?$_Vector_val@U?$_Simple_types@Unode@@@std@@@std@@@std@@PEAUnode@@@std@@YAXAEAV?$_Vector_iterator@V?$_Vector_val@U?$_Simple_types@Unode@@@std@@@std@@@0@AEBQEAUnode@@@Z 0000000140008d2c     unity_pathman.obj
 0002:00001d34       $unwind$?capacity@?$vector@Unode@@V?$allocator@Unode@@@std@@@std@@QEBA_KXZ 0000000140008d34     unity_pathman.obj
 0002:00001d34       $unwind$?_Has_unused_capacity@?$vector@Unode@@V?$allocator@Unode@@@std@@@std@@AEBA_NXZ 0000000140008d34     unity_pathman.obj
 0002:00001d34       $unwind$??0?$_Vector_alloc@U?$_Vec_base_types@Unode@@V?$allocator@Unode@@@std@@@std@@@std@@QEAA@XZ 0000000140008d34     unity_pathman.obj
 0002:00001d34       $unwind$?size@?$vector@Unode@@V?$allocator@Unode@@@std@@@std@@QEBA_KXZ 0000000140008d34     unity_pathman.obj
 0002:00001d34       $unwind$?max_size@?$vector@Unode@@V?$allocator@Unode@@@std@@@std@@QEBA_KXZ 0000000140008d34     unity_pathman.obj
 0002:00001d34       $unwind$?empty@?$vector@Unode@@V?$allocator@Unode@@@std@@@std@@QEBA_NXZ 0000000140008d34     unity_pathman.obj
 0002:00001d3c       $unwind$??$reverse@V?$_Vector_iterator@V?$_Vector_val@U?$_Simple_types@Unode@@@std@@@std@@@std@@@std@@YAXV?$_Vector_iterator@V?$_Vector_val@U?$_Simple_types@Unode@@@std@@@std@@@0@0@Z 0000000140008d3c     unity_pathman.obj
 0002:00001d3c       $unwind$?_Swap_all@?$_Vector_alloc@U?$_Vec_base_types@Unode@@V?$allocator@Unode@@@std@@@std@@@std@@QEAAXAEAV12@@Z 0000000140008d3c     unity_pathman.obj
 0002:00001d3c       $unwind$?begin@?$vector@Unode@@V?$allocator@Unode@@@std@@@std@@QEAA?AV?$_Vector_iterator@V?$_Vector_val@U?$_Simple_types@Unode@@@std@@@std@@@2@XZ 0000000140008d3c     unity_pathman.obj
 0002:00001d3c       $unwind$?end@?$vector@Unode@@V?$allocator@Unode@@@std@@@std@@QEAA?AV?$_Vector_iterator@V?$_Vector_val@U?$_Simple_types@Unode@@@std@@@std@@@2@XZ 0000000140008d3c     unity_pathman.obj
 0002:00001d44       $unwind$?erase@?$vector@Unode@@V?$allocator@Unode@@@std@@@std@@QEAA?AV?$_Vector_iterator@V?$_Vector_val@U?$_Simple_types@Unode@@@std@@@std@@@2@V?$_Vector_const_iterator@V?$_Vector_val@U?$_Simple_types@Unode@@@std@@@std@@@2@@Z 0000000140008d44     unity_pathman.obj
 0002:00001d44       $unwind$??$_Copy_memmove@PEAUnode@@PEAU1@@std@@YAPEAUnode@@PEAU1@00@Z 0000000140008d44     unity_pathman.obj
 0002:00001d44       $unwind$??$_Move_unchecked@PEAUnode@@PEAU1@@std@@YAPEAUnode@@PEAU1@00@Z 0000000140008d44     unity_pathman.obj
 0002:00001d44       $unwind$?_Move_from@?$vector@Unode@@V?$allocator@Unode@@@std@@@std@@AEAAX$$QEAV12@U?$integral_constant@_N$00@2@@Z 0000000140008d44     unity_pathman.obj
 0002:00001d4c       $unwind$??0?$vector@Unode@@V?$allocator@Unode@@@std@@@std@@QEAA@$$QEAV01@@Z 0000000140008d4c     unity_pathman.obj
 0002:00001d4c       $unwind$??$_Reverse_unchecked@PEAUnode@@@std@@YAXQEAUnode@@0@Z 0000000140008d4c     unity_pathman.obj
 0002:00001d54       $unwind$?_Umove@?$vector@Unode@@V?$allocator@Unode@@@std@@@std@@AEAAPEAUnode@@PEAU3@00@Z 0000000140008d54     unity_pathman.obj
 0002:00001d54       $unwind$??$_Find_unchecked1@PEAUnode@@U1@@std@@YAPEAUnode@@PEAU1@QEAU1@AEBU1@U?$integral_constant@_N$0A@@0@@Z 0000000140008d54     unity_pathman.obj
 0002:00001d54       $unwind$??$_Move_unchecked1@PEAUnode@@PEAU1@@std@@YAPEAUnode@@PEAU1@00U_Trivially_copyable_ptr_iterator_tag@0@@Z 0000000140008d54     unity_pathman.obj
 0002:00001d54       $unwind$?_Umove_if_noexcept1@?$vector@Unode@@V?$allocator@Unode@@@std@@@std@@AEAAXPEAUnode@@00U?$integral_constant@_N$00@2@@Z 0000000140008d54     unity_pathman.obj
 0002:00001d5c       $unwind$?_Umove_if_noexcept@?$vector@Unode@@V?$allocator@Unode@@@std@@@std@@AEAAXPEAUnode@@00@Z 0000000140008d5c     unity_pathman.obj
 0002:00001d64       $unwind$?_Change_array@?$vector@Unode@@V?$allocator@Unode@@@std@@@std@@AEAAXQEAUnode@@_K1@Z 0000000140008d64     unity_pathman.obj
 0002:00001d6c       $unwind$?_Tidy@?$vector@Unode@@V?$allocator@Unode@@@std@@@std@@AEAAXXZ 0000000140008d6c     unity_pathman.obj
 0002:00001d74       $unwind$?_Xlength@?$vector@Unode@@V?$allocator@Unode@@@std@@@std@@CAXXZ 0000000140008d74     unity_pathman.obj
 0002:00001d7c       $unwind$??$pow@HHX@@YANHH@Z 0000000140008d7c     unity_pathman.obj
 0002:00001d84       $unwind$??$_Emplace_back_with_unused_capacity@AEBUnode@@@?$vector@Unode@@V?$allocator@Unode@@@std@@@std@@AEAAAEAUnode@@AEBU2@@Z 0000000140008d84     unity_pathman.obj
 0002:00001d84       $unwind$??$_Emplace_back_with_unused_capacity@Unode@@@?$vector@Unode@@V?$allocator@Unode@@@std@@@std@@AEAAAEAUnode@@$$QEAU2@@Z 0000000140008d84     unity_pathman.obj
 0002:00001d8c       $unwind$??$construct@Unode@@AEBU1@@?$_Default_allocator_traits@V?$allocator@Unode@@@std@@@std@@SAXAEAV?$allocator@Unode@@@1@QEAUnode@@AEBU3@@Z 0000000140008d8c     unity_pathman.obj
 0002:00001d8c       $unwind$??$construct@Unode@@U1@@?$_Default_allocator_traits@V?$allocator@Unode@@@std@@@std@@SAXAEAV?$allocator@Unode@@@1@QEAUnode@@$$QEAU3@@Z 0000000140008d8c     unity_pathman.obj
 0002:00001d98       $unwind$??$_Emplace_reallocate@AEBUnode@@@?$vector@Unode@@V?$allocator@Unode@@@std@@@std@@QEAAPEAUnode@@QEAU2@AEBU2@@Z 0000000140008d98     unity_pathman.obj
 0002:00001d98       $unwind$??$_Emplace_reallocate@Unode@@@?$vector@Unode@@V?$allocator@Unode@@@std@@@std@@QEAAPEAUnode@@QEAU2@$$QEAU2@@Z 0000000140008d98     unity_pathman.obj
 0002:00001da0       $unwind$??$?0$$V@?$_Compressed_pair@V?$allocator@Unode@@@std@@V?$_Vector_val@U?$_Simple_types@Unode@@@std@@@2@$00@std@@QEAA@U_Zero_then_variadic_args_t@1@@Z 0000000140008da0     unity_pathman.obj
 0002:00001da8       $unwind$??$_Find_unchecked@PEAUnode@@U1@@std@@YAPEAUnode@@QEAU1@0AEBU1@@Z 0000000140008da8     unity_pathman.obj
 0002:00001da8       $unwind$??$_Destroy_range@V?$allocator@Unode@@@std@@@std@@YAXPEAUnode@@0AEAV?$allocator@Unode@@@0@@Z 0000000140008da8     unity_pathman.obj
 0002:00001db0       $unwind$??$_Ptr_move_cat@Unode@@U1@@std@@YA?AU_Trivially_copyable_ptr_iterator_tag@0@AEBQEAUnode@@0@Z 0000000140008db0     unity_pathman.obj
 0002:00001db8       $unwind$??$_Uninitialized_move@PEAUnode@@PEAU1@V?$allocator@Unode@@@std@@@std@@YAPEAUnode@@QEAU1@0PEAU1@AEAV?$allocator@Unode@@@0@@Z 0000000140008db8     unity_pathman.obj
 0002:00001dc0       $unwind$??$_Get_size_of_n@$0BM@@std@@YA_K_K@Z 0000000140008dc0     unity_pathman.obj
 0002:00001dc8       $unwind$??$swap@Unode@@X@std@@YAXAEAUnode@@0@Z 0000000140008dc8     unity_pathman.obj
 0002:00001dd8       $xdatasym                  0000000140008dd8     msvcrt:chkstk.obj
 0002:00001de0       $unwind$??_Gtype_info@@UEAAPEAXI@Z 0000000140008de0     msvcrt:std_type_info_static.obj
 0002:00001de0       $unwind$??0logic_error@std@@QEAA@AEBV01@@Z 0000000140008de0     libcpmt:xthrow.obj
 0002:00001de0       $unwind$??0length_error@std@@QEAA@AEBV01@@Z 0000000140008de0     libcpmt:xthrow.obj
 0002:00001de0       $unwind$??0bad_alloc@std@@QEAA@AEBV01@@Z 0000000140008de0     msvcrt:throw_bad_alloc.obj
 0002:00001de0       $unwind$??0bad_array_new_length@std@@QEAA@AEBV01@@Z 0000000140008de0     msvcrt:throw_bad_alloc.obj
 0002:00001de0       $unwind$??0exception@std@@QEAA@AEBV01@@Z 0000000140008de0     msvcrt:throw_bad_alloc.obj
 0002:00001de0       $unwind$??2@YAPEAX_K@Z     0000000140008de0     msvcrt:new_scalar.obj
 0002:00001de8       $unwind$??_Gbad_alloc@std@@UEAAPEAXI@Z 0000000140008de8     msvcrt:throw_bad_alloc.obj
 0002:00001de8       $unwind$??_Gbad_array_new_length@std@@UEAAPEAXI@Z 0000000140008de8     msvcrt:throw_bad_alloc.obj
 0002:00001de8       $unwind$??_Glength_error@std@@UEAAPEAXI@Z 0000000140008de8     libcpmt:xthrow.obj
 0002:00001de8       $unwind$??_Gexception@std@@UEAAPEAXI@Z 0000000140008de8     msvcrt:throw_bad_alloc.obj
 0002:00001de8       $unwind$??_Glogic_error@std@@UEAAPEAXI@Z 0000000140008de8     libcpmt:xthrow.obj
 0002:00001df4       $unwind$?__scrt_throw_std_bad_array_new_length@@YAXXZ 0000000140008df4     msvcrt:throw_bad_alloc.obj
 0002:00001df4       $unwind$?_Xlength_error@std@@YAXPEBD@Z 0000000140008df4     libcpmt:xthrow.obj
 0002:00001df4       $unwind$?__scrt_throw_std_bad_alloc@@YAXXZ 0000000140008df4     msvcrt:throw_bad_alloc.obj
 0002:00001dfc       $unwind$??0length_error@std@@QEAA@PEBD@Z 0000000140008dfc     libcpmt:xthrow.obj
 0002:0000224e       .idata$6                   000000014000924e     kernel32:KERNEL32.dll
 0002:0000232a       .idata$6                   000000014000932a     user32:USER32.dll
 0002:0000238e       .idata$6                   000000014000938e     ucrt:api-ms-win-crt-stdio-l1-1-0.dll
 0002:000023ae       .idata$6                   00000001400093ae     ucrt:api-ms-win-crt-heap-l1-1-0.dll
 0002:000023ce       .idata$6                   00000001400093ce     ucrt:api-ms-win-crt-runtime-l1-1-0.dll
 0002:000023f0       .idata$6                   00000001400093f0     ucrt:api-ms-win-crt-math-l1-1-0.dll
 0002:0000241a       .idata$6                   000000014000941a     vcruntime:VCRUNTIME140.dll
 0002:00002440       .idata$6                   0000000140009440     d3d11:d3d11.dll
 0002:00002458       .idata$6                   0000000140009458     d3dcompiler:D3DCOMPILER_47.dll
 0002:00002480       .idata$6                   0000000140009480     ole32:ole32.dll
 0003:00000000       ?tile_map@@3PAEA           000000014000a000     unity_pathman.obj
 0003:00000364       ?pathman_tile_x@@3HA       000000014000a364     unity_pathman.obj
 0003:00000368       ?pathman_tile_y@@3HA       000000014000a368     unity_pathman.obj
 0003:0000036c       ?ghost_tile_x@@3HA         000000014000a36c     unity_pathman.obj
 0003:00000370       ?ghost_tile_y@@3HA         000000014000a370     unity_pathman.obj
 0003:00000480       ?pathman_anim_counter@@3IA 000000014000a480     unity_pathman.obj
 0003:00000484       ?ghost_anim_counter@@3IA   000000014000a484     unity_pathman.obj
 0004:00000000       $pdata$vsnprintf           000000014000b000     unity_common.obj
 0004:0000000c       $pdata$?create_display@@YAXPEAUdisplay_context@@PEBDHHHH_N@Z 000000014000b00c     unity_common.obj
 0004:00000018       $pdata$?init_d3d@@YAXPEAUd3d_context@@PEAUdisplay_context@@_N@Z 000000014000b018     unity_common.obj
 0004:00000024       $pdata$?term_d3d@@YAXPEAUd3d_context@@@Z 000000014000b024     unity_common.obj
 0004:00000030       $pdata$?begin_frame@@YAXPEAUd3d_context@@@Z 000000014000b030     unity_common.obj
 0004:0000003c       $pdata$?end_frame@@YAXPEAUd3d_context@@@Z 000000014000b03c     unity_common.obj
 0004:00000048       $pdata$?compile_vertex_shader@@YAPEAUID3D11VertexShader@@PEAPEAUID3D10Blob@@PEAUd3d_context@@PEBD_K2@Z 000000014000b048     unity_common.obj
 0004:00000054       $pdata$?compile_pixel_shader@@YAPEAUID3D11PixelShader@@PEAUd3d_context@@PEBD_K1@Z 000000014000b054     unity_common.obj
 0004:00000060       $pdata$?read_entire_file@@YAPEAXPEBDPEA_K@Z 000000014000b060     unity_common.obj
 0004:0000006c       $pdata$?load_png@@YAXPEAUd3d_context@@PEAUtexture@@PEAX_K@Z 000000014000b06c     unity_common.obj
 0004:00000078       $pdata$?debug_printf@@YAXPEBDZZ 000000014000b078     unity_common.obj
 0004:00000084       $pdata$?sprite_batch_init@@YAXPEAUsprite_batch@@PEAUd3d_context@@@Z 000000014000b084     unity_common.obj
 0004:00000090       $pdata$?sprite_batch_term@@YAXPEAUsprite_batch@@@Z 000000014000b090     unity_common.obj
 0004:0000009c       $pdata$?sprite_batch_begin@@YAXPEAUsprite_batch@@@Z 000000014000b09c     unity_common.obj
 0004:000000a8       $pdata$?sprite_batch_end@@YAXPEAUsprite_batch@@@Z 000000014000b0a8     unity_common.obj
 0004:000000b4       $pdata$?sprite_batch_draw@@YAXPEAUsprite_batch@@PEAUtexture@@HHHHHHHH@Z 000000014000b0b4     unity_common.obj
 0004:000000c0       $pdata$?wnd_proc@@YA_JPEAUHWND__@@I_K_J@Z 000000014000b0c0     unity_common.obj
 0004:000000cc       $pdata$?get_client_rect@@YA?AUtagRECT@@PEAUHWND__@@@Z 000000014000b0cc     unity_common.obj
 0004:000000d8       $pdata$?create_swap_chain@@YAXPEAUd3d_context@@PEAUdisplay_context@@@Z 000000014000b0d8     unity_common.obj
 0004:000000e4       $pdata$?compile_shader@@YAPEAUID3D10Blob@@PEBD_KW4shader_type@@0@Z 000000014000b0e4     unity_common.obj
 0004:000000f0       $pdata$?sprite_batch_map@@YAXPEAUsprite_batch@@@Z 000000014000b0f0     unity_common.obj
 0004:000000fc       $pdata$?sprite_batch_unmap@@YAXPEAUsprite_batch@@@Z 000000014000b0fc     unity_common.obj
 0004:00000108       $pdata$?sprite_batch_flush@@YAXPEAUsprite_batch@@@Z 000000014000b108     unity_common.obj
 0004:00000114       $pdata$??$com_cast@UIDXGIDevice4@@@@YAPEAUIDXGIDevice4@@PEAUIUnknown@@@Z 000000014000b114     unity_common.obj
 0004:00000120       $pdata$??$com_cast@UIDXGIAdapter4@@@@YAPEAUIDXGIAdapter4@@PEAUIUnknown@@@Z 000000014000b120     unity_common.obj
 0004:0000012c       $pdata$??$com_cast@UIDXGISwapChain3@@@@YAPEAUIDXGISwapChain3@@PEAUIUnknown@@@Z 000000014000b12c     unity_common.obj
 0004:00000138       $pdata$??$com_cast@UID3D11Device5@@@@YAPEAUID3D11Device5@@PEAUIUnknown@@@Z 000000014000b138     unity_common.obj
 0004:00000144       $pdata$??$com_cast@UID3D11DeviceContext4@@@@YAPEAUID3D11DeviceContext4@@PEAUIUnknown@@@Z 000000014000b144     unity_common.obj
 0004:00000150       $pdata$?_Allocate@_Default_allocate_traits@std@@SAPEAX_K@Z 000000014000b150     unity_pathman.obj
 0004:0000015c       $pdata$?_Adjust_manually_vector_aligned@std@@YAXAEAPEAXAEA_K@Z 000000014000b15c     unity_pathman.obj
 0004:00000168       $pdata$??$_Min_value@_K@std@@YAAEB_KAEB_K0@Z 000000014000b168     unity_pathman.obj
 0004:00000174       $pdata$?draw_sprite@@YAXPEAUsprite_batch@@PEAUtexture@@HHHH@Z 000000014000b174     unity_pathman.obj
 0004:00000180       $pdata$?render@@YAXPEAUd3d_context@@PEAUsprite_batch@@PEAUtexture@@@Z 000000014000b180     unity_pathman.obj
 0004:0000018c       $pdata$?load_sprite_sheet@@YAXPEAUtexture@@PEAUd3d_context@@@Z 000000014000b18c     unity_pathman.obj
 0004:00000198       $pdata$?getLowestF@@YA?AUnode@@AEBV?$vector@Unode@@V?$allocator@Unode@@@std@@@std@@@Z 000000014000b198     unity_pathman.obj
 0004:000001a4       $pdata$?removeNode@@YAXAEAV?$vector@Unode@@V?$allocator@Unode@@@std@@@std@@AEBUnode@@@Z 000000014000b1a4     unity_pathman.obj
 0004:000001b0       $pdata$?makeNode@@YA?AUnode@@HH@Z 000000014000b1b0     unity_pathman.obj
 0004:000001bc       $pdata$?getAdjacent@@YA?AV?$vector@Unode@@V?$allocator@Unode@@@std@@@std@@Unode@@@Z 000000014000b1bc     unity_pathman.obj
 0004:000001c8       $pdata$?inList@@YA_NAEAV?$vector@Unode@@V?$allocator@Unode@@@std@@@std@@AEAUnode@@@Z 000000014000b1c8     unity_pathman.obj
 0004:000001d4       $pdata$?getNodeInList@@YA?AUnode@@AEAV?$vector@Unode@@V?$allocator@Unode@@@std@@@std@@AEAU1@@Z 000000014000b1d4     unity_pathman.obj
 0004:000001e0       $pdata$?distanceBetweenNodes@@YAMAEBUnode@@0@Z 000000014000b1e0     unity_pathman.obj
 0004:000001ec       $pdata$?pathFinding@@YA?AV?$vector@Unode@@V?$allocator@Unode@@@std@@@std@@XZ 000000014000b1ec     unity_pathman.obj
 0004:000001f8       $pdata$main                000000014000b1f8     unity_pathman.obj
 0004:00000204       $pdata$??0node@@QEAA@HH@Z  000000014000b204     unity_pathman.obj
 0004:00000210       $pdata$?deallocate@?$allocator@Unode@@@std@@QEAAXQEAUnode@@_K@Z 000000014000b210     unity_pathman.obj
 0004:0000021c       $pdata$?allocate@?$allocator@Unode@@@std@@QEAAPEAUnode@@_K@Z 000000014000b21c     unity_pathman.obj
 0004:00000228       $pdata$??0?$_Vector_alloc@U?$_Vec_base_types@Unode@@V?$allocator@Unode@@@std@@@std@@@std@@QEAA@XZ 000000014000b228     unity_pathman.obj
 0004:00000234       $pdata$?_Orphan_all@?$_Vector_alloc@U?$_Vec_base_types@Unode@@V?$allocator@Unode@@@std@@@std@@@std@@QEAAXXZ 000000014000b234     unity_pathman.obj
 0004:00000240       $pdata$?_Swap_all@?$_Vector_alloc@U?$_Vec_base_types@Unode@@V?$allocator@Unode@@@std@@@std@@@std@@QEAAXAEAV12@@Z 000000014000b240     unity_pathman.obj
 0004:0000024c       $pdata$?_Get_data@?$_Vector_alloc@U?$_Vec_base_types@Unode@@V?$allocator@Unode@@@std@@@std@@@std@@QEBAAEBV?$_Vector_val@U?$_Simple_types@Unode@@@std@@@2@XZ 000000014000b24c     unity_pathman.obj
 0004:0000024c       $pdata$?_Getal@?$_Vector_alloc@U?$_Vec_base_types@Unode@@V?$allocator@Unode@@@std@@@std@@@std@@QEAAAEAV?$allocator@Unode@@@2@XZ 000000014000b24c     unity_pathman.obj
 0004:0000024c       $pdata$?_Getal@?$_Vector_alloc@U?$_Vec_base_types@Unode@@V?$allocator@Unode@@@std@@@std@@@std@@QEBAAEBV?$allocator@Unode@@@2@XZ 000000014000b24c     unity_pathman.obj
 0004:0000024c       $pdata$?_Get_data@?$_Vector_alloc@U?$_Vec_base_types@Unode@@V?$allocator@Unode@@@std@@@std@@@std@@QEAAAEAV?$_Vector_val@U?$_Simple_types@Unode@@@std@@@2@XZ 000000014000b24c     unity_pathman.obj
 0004:00000258       $pdata$?_Myfirst@?$_Vector_alloc@U?$_Vec_base_types@Unode@@V?$allocator@Unode@@@std@@@std@@@std@@QEAAAEAPEAUnode@@XZ 000000014000b258     unity_pathman.obj
 0004:00000258       $pdata$?_Myfirst@?$_Vector_alloc@U?$_Vec_base_types@Unode@@V?$allocator@Unode@@@std@@@std@@@std@@QEBAAEBQEAUnode@@XZ 000000014000b258     unity_pathman.obj
 0004:00000264       $pdata$?_Mylast@?$_Vector_alloc@U?$_Vec_base_types@Unode@@V?$allocator@Unode@@@std@@@std@@@std@@QEBAAEBQEAUnode@@XZ 000000014000b264     unity_pathman.obj
 0004:00000264       $pdata$?_Mylast@?$_Vector_alloc@U?$_Vec_base_types@Unode@@V?$allocator@Unode@@@std@@@std@@@std@@QEAAAEAPEAUnode@@XZ 000000014000b264     unity_pathman.obj
 0004:00000270       $pdata$?_Myend@?$_Vector_alloc@U?$_Vec_base_types@Unode@@V?$allocator@Unode@@@std@@@std@@@std@@QEAAAEAPEAUnode@@XZ 000000014000b270     unity_pathman.obj
 0004:00000270       $pdata$?_Myend@?$_Vector_alloc@U?$_Vec_base_types@Unode@@V?$allocator@Unode@@@std@@@std@@@std@@QEBAAEBQEAUnode@@XZ 000000014000b270     unity_pathman.obj
 0004:0000027c       $pdata$??0?$vector@Unode@@V?$allocator@Unode@@@std@@@std@@QEAA@XZ 000000014000b27c     unity_pathman.obj
 0004:00000288       $pdata$?_Move_from@?$vector@Unode@@V?$allocator@Unode@@@std@@@std@@AEAAX$$QEAV12@U?$integral_constant@_N$00@2@@Z 000000014000b288     unity_pathman.obj
 0004:00000294       $pdata$??0?$vector@Unode@@V?$allocator@Unode@@@std@@@std@@QEAA@$$QEAV01@@Z 000000014000b294     unity_pathman.obj
 0004:000002a0       $pdata$??1?$vector@Unode@@V?$allocator@Unode@@@std@@@std@@QEAA@XZ 000000014000b2a0     unity_pathman.obj
 0004:000002ac       $pdata$?push_back@?$vector@Unode@@V?$allocator@Unode@@@std@@@std@@QEAAXAEBUnode@@@Z 000000014000b2ac     unity_pathman.obj
 0004:000002b8       $pdata$?push_back@?$vector@Unode@@V?$allocator@Unode@@@std@@@std@@QEAAX$$QEAUnode@@@Z 000000014000b2b8     unity_pathman.obj
 0004:000002c4       $pdata$?erase@?$vector@Unode@@V?$allocator@Unode@@@std@@@std@@QEAA?AV?$_Vector_iterator@V?$_Vector_val@U?$_Simple_types@Unode@@@std@@@std@@@2@V?$_Vector_const_iterator@V?$_Vector_val@U?$_Simple_types@Unode@@@std@@@std@@@2@@Z 000000014000b2c4     unity_pathman.obj
 0004:000002d0       $pdata$?begin@?$vector@Unode@@V?$allocator@Unode@@@std@@@std@@QEAA?AV?$_Vector_iterator@V?$_Vector_val@U?$_Simple_types@Unode@@@std@@@std@@@2@XZ 000000014000b2d0     unity_pathman.obj
 0004:000002dc       $pdata$?end@?$vector@Unode@@V?$allocator@Unode@@@std@@@std@@QEAA?AV?$_Vector_iterator@V?$_Vector_val@U?$_Simple_types@Unode@@@std@@@std@@@2@XZ 000000014000b2dc     unity_pathman.obj
 0004:000002e8       $pdata$?empty@?$vector@Unode@@V?$allocator@Unode@@@std@@@std@@QEBA_NXZ 000000014000b2e8     unity_pathman.obj
 0004:000002f4       $pdata$?size@?$vector@Unode@@V?$allocator@Unode@@@std@@@std@@QEBA_KXZ 000000014000b2f4     unity_pathman.obj
 0004:00000300       $pdata$?max_size@?$vector@Unode@@V?$allocator@Unode@@@std@@@std@@QEBA_KXZ 000000014000b300     unity_pathman.obj
 0004:0000030c       $pdata$?capacity@?$vector@Unode@@V?$allocator@Unode@@@std@@@std@@QEBA_KXZ 000000014000b30c     unity_pathman.obj
 0004:00000318       $pdata$?_Has_unused_capacity@?$vector@Unode@@V?$allocator@Unode@@@std@@@std@@AEBA_NXZ 000000014000b318     unity_pathman.obj
 0004:00000324       $pdata$??A?$vector@Unode@@V?$allocator@Unode@@@std@@@std@@QEBAAEBUnode@@_K@Z 000000014000b324     unity_pathman.obj
 0004:00000324       $pdata$??A?$vector@Unode@@V?$allocator@Unode@@@std@@@std@@QEAAAEAUnode@@_K@Z 000000014000b324     unity_pathman.obj
 0004:00000330       $pdata$?_Umove@?$vector@Unode@@V?$allocator@Unode@@@std@@@std@@AEAAPEAUnode@@PEAU3@00@Z 000000014000b330     unity_pathman.obj
 0004:00000330       $pdata$?_Umove_if_noexcept1@?$vector@Unode@@V?$allocator@Unode@@@std@@@std@@AEAAXPEAUnode@@00U?$integral_constant@_N$00@2@@Z 000000014000b330     unity_pathman.obj
 0004:0000033c       $pdata$?_Umove_if_noexcept@?$vector@Unode@@V?$allocator@Unode@@@std@@@std@@AEAAXPEAUnode@@00@Z 000000014000b33c     unity_pathman.obj
 0004:00000348       $pdata$?_Destroy@?$vector@Unode@@V?$allocator@Unode@@@std@@@std@@AEAAXPEAUnode@@0@Z 000000014000b348     unity_pathman.obj
 0004:00000354       $pdata$?_Calculate_growth@?$vector@Unode@@V?$allocator@Unode@@@std@@@std@@AEBA_K_K@Z 000000014000b354     unity_pathman.obj
 0004:00000360       $pdata$?_Change_array@?$vector@Unode@@V?$allocator@Unode@@@std@@@std@@AEAAXQEAUnode@@_K1@Z 000000014000b360     unity_pathman.obj
 0004:0000036c       $pdata$?_Tidy@?$vector@Unode@@V?$allocator@Unode@@@std@@@std@@AEAAXXZ 000000014000b36c     unity_pathman.obj
 0004:00000378       $pdata$?_Xlength@?$vector@Unode@@V?$allocator@Unode@@@std@@@std@@CAXXZ 000000014000b378     unity_pathman.obj
 0004:00000384       $pdata$??0?$_Vector_const_iterator@V?$_Vector_val@U?$_Simple_types@Unode@@@std@@@std@@@std@@QEAA@PEAUnode@@PEBU_Container_base0@1@@Z 000000014000b384     unity_pathman.obj
 0004:00000390       $pdata$?_Seek_to@?$_Vector_const_iterator@V?$_Vector_val@U?$_Simple_types@Unode@@@std@@@std@@@std@@QEAAXPEBUnode@@@Z 000000014000b390     unity_pathman.obj
 0004:0000039c       $pdata$??0?$_Vector_iterator@V?$_Vector_val@U?$_Simple_types@Unode@@@std@@@std@@@std@@QEAA@PEAUnode@@PEBU_Container_base0@1@@Z 000000014000b39c     unity_pathman.obj
 0004:000003a8       $pdata$??$find@V?$_Vector_iterator@V?$_Vector_val@U?$_Simple_types@Unode@@@std@@@std@@@std@@Unode@@@std@@YA?AV?$_Vector_iterator@V?$_Vector_val@U?$_Simple_types@Unode@@@std@@@std@@@0@V10@V10@AEBUnode@@@Z 000000014000b3a8     unity_pathman.obj
 0004:000003b4       $pdata$??$pow@HHX@@YANHH@Z 000000014000b3b4     unity_pathman.obj
 0004:000003c0       $pdata$??$reverse@V?$_Vector_iterator@V?$_Vector_val@U?$_Simple_types@Unode@@@std@@@std@@@std@@@std@@YAXV?$_Vector_iterator@V?$_Vector_val@U?$_Simple_types@Unode@@@std@@@std@@@0@0@Z 000000014000b3c0     unity_pathman.obj
 0004:000003cc       $pdata$??$_Move_unchecked@PEAUnode@@PEAU1@@std@@YAPEAUnode@@PEAU1@00@Z 000000014000b3cc     unity_pathman.obj
 0004:000003d8       $pdata$??$emplace_back@AEBUnode@@@?$vector@Unode@@V?$allocator@Unode@@@std@@@std@@QEAAAEAUnode@@AEBU2@@Z 000000014000b3d8     unity_pathman.obj
 0004:000003d8       $pdata$??$emplace_back@Unode@@@?$vector@Unode@@V?$allocator@Unode@@@std@@@std@@QEAAAEAUnode@@$$QEAU2@@Z 000000014000b3d8     unity_pathman.obj
 0004:000003e4       $pdata$??$_Emplace_back_with_unused_capacity@AEBUnode@@@?$vector@Unode@@V?$allocator@Unode@@@std@@@std@@AEAAAEAUnode@@AEBU2@@Z 000000014000b3e4     unity_pathman.obj
 0004:000003e4       $pdata$??$_Emplace_back_with_unused_capacity@Unode@@@?$vector@Unode@@V?$allocator@Unode@@@std@@@std@@AEAAAEAUnode@@$$QEAU2@@Z 000000014000b3e4     unity_pathman.obj
 0004:000003f0       $pdata$??$construct@Unode@@U1@@?$_Default_allocator_traits@V?$allocator@Unode@@@std@@@std@@SAXAEAV?$allocator@Unode@@@1@QEAUnode@@$$QEAU3@@Z 000000014000b3f0     unity_pathman.obj
 0004:000003f0       $pdata$??$construct@Unode@@AEBU1@@?$_Default_allocator_traits@V?$allocator@Unode@@@std@@@std@@SAXAEAV?$allocator@Unode@@@1@QEAUnode@@AEBU3@@Z 000000014000b3f0     unity_pathman.obj
 0004:000003fc       $pdata$??$_Emplace_reallocate@AEBUnode@@@?$vector@Unode@@V?$allocator@Unode@@@std@@@std@@QEAAPEAUnode@@QEAU2@AEBU2@@Z 000000014000b3fc     unity_pathman.obj
 0004:000003fc       $pdata$??$_Emplace_reallocate@Unode@@@?$vector@Unode@@V?$allocator@Unode@@@std@@@std@@QEAAPEAUnode@@QEAU2@$$QEAU2@@Z 000000014000b3fc     unity_pathman.obj
 0004:00000408       $pdata$??$?0V?$allocator@Unode@@@std@@X@?$_Vector_alloc@U?$_Vec_base_types@Unode@@V?$allocator@Unode@@@std@@@std@@@std@@QEAA@$$QEAV?$allocator@Unode@@@1@@Z 000000014000b408     unity_pathman.obj
 0004:00000414       $pdata$??$?0$$V@?$_Compressed_pair@V?$allocator@Unode@@@std@@V?$_Vector_val@U?$_Simple_types@Unode@@@std@@@2@$00@std@@QEAA@U_Zero_then_variadic_args_t@1@@Z 000000014000b414     unity_pathman.obj
 0004:00000420       $pdata$??$_Destroy_range@V?$allocator@Unode@@@std@@@std@@YAXPEAUnode@@0AEAV?$allocator@Unode@@@0@@Z 000000014000b420     unity_pathman.obj
 0004:0000042c       $pdata$??$_Deallocate@$0BA@$0A@@std@@YAXPEAX_K@Z 000000014000b42c     unity_pathman.obj
 0004:00000438       $pdata$??$_Get_unwrapped@V?$_Vector_iterator@V?$_Vector_val@U?$_Simple_types@Unode@@@std@@@std@@@std@@$0A@@std@@YAPEAUnode@@AEBV?$_Vector_iterator@V?$_Vector_val@U?$_Simple_types@Unode@@@std@@@std@@@0@@Z 000000014000b438     unity_pathman.obj
 0004:00000444       $pdata$??$_Find_unchecked@PEAUnode@@U1@@std@@YAPEAUnode@@QEAU1@0AEBU1@@Z 000000014000b444     unity_pathman.obj
 0004:00000450       $pdata$??$_Seek_wrapped@V?$_Vector_iterator@V?$_Vector_val@U?$_Simple_types@Unode@@@std@@@std@@@std@@PEAUnode@@@std@@YAXAEAV?$_Vector_iterator@V?$_Vector_val@U?$_Simple_types@Unode@@@std@@@std@@@0@AEBQEAUnode@@@Z 000000014000b450     unity_pathman.obj
 0004:0000045c       $pdata$??$_Reverse_unchecked@PEAUnode@@@std@@YAXQEAUnode@@0@Z 000000014000b45c     unity_pathman.obj
 0004:00000468       $pdata$??$_Ptr_move_cat@Unode@@U1@@std@@YA?AU_Trivially_copyable_ptr_iterator_tag@0@AEBQEAUnode@@0@Z 000000014000b468     unity_pathman.obj
 0004:00000474       $pdata$??$_Move_unchecked1@PEAUnode@@PEAU1@@std@@YAPEAUnode@@PEAU1@00U_Trivially_copyable_ptr_iterator_tag@0@@Z 000000014000b474     unity_pathman.obj
 0004:00000480       $pdata$??$?0V?$allocator@Unode@@@std@@$$V@?$_Compressed_pair@V?$allocator@Unode@@@std@@V?$_Vector_val@U?$_Simple_types@Unode@@@std@@@2@$00@std@@QEAA@U_One_then_variadic_args_t@1@$$QEAV?$allocator@Unode@@@1@@Z 000000014000b480     unity_pathman.obj
 0004:0000048c       $pdata$??$_Uninitialized_move@PEAUnode@@PEAU1@V?$allocator@Unode@@@std@@@std@@YAPEAUnode@@QEAU1@0PEAU1@AEAV?$allocator@Unode@@@0@@Z 000000014000b48c     unity_pathman.obj
 0004:00000498       $pdata$??$_Get_size_of_n@$0BM@@std@@YA_K_K@Z 000000014000b498     unity_pathman.obj
 0004:000004a4       $pdata$??$_Allocate@$0BA@U_Default_allocate_traits@std@@$0A@@std@@YAPEAX_K@Z 000000014000b4a4     unity_pathman.obj
 0004:000004b0       $pdata$??$_Find_unchecked1@PEAUnode@@U1@@std@@YAPEAUnode@@PEAU1@QEAU1@AEBU1@U?$integral_constant@_N$0A@@0@@Z 000000014000b4b0     unity_pathman.obj
 0004:000004bc       $pdata$??$_Reverse_unchecked1@PEAUnode@@@std@@YAXPEAUnode@@0U?$integral_constant@_K$0A@@0@@Z 000000014000b4bc     unity_pathman.obj
 0004:000004c8       $pdata$??$_Copy_memmove@PEAUnode@@PEAU1@@std@@YAPEAUnode@@PEAU1@00@Z 000000014000b4c8     unity_pathman.obj
 0004:000004d4       $pdata$??$_Uninitialized_move_al_unchecked@PEAUnode@@PEAU1@V?$allocator@Unode@@@std@@@std@@YAPEAUnode@@PEAU1@QEAU1@1AEAV?$allocator@Unode@@@0@U_General_ptr_iterator_tag@0@U_Unused_parameter@0@@Z 000000014000b4d4     unity_pathman.obj
 0004:000004e0       $pdata$??$_Allocate_manually_vector_aligned@U_Default_allocate_traits@std@@@std@@YAPEAX_K@Z 000000014000b4e0     unity_pathman.obj
 0004:000004ec       $pdata$??$iter_swap@PEAUnode@@PEAU1@@std@@YAXPEAUnode@@0@Z 000000014000b4ec     unity_pathman.obj
 0004:000004f8       $pdata$??1?$_Uninitialized_backout_al@PEAUnode@@V?$allocator@Unode@@@std@@@std@@QEAA@XZ 000000014000b4f8     unity_pathman.obj
 0004:00000504       $pdata$??$_Emplace_back@Unode@@@?$_Uninitialized_backout_al@PEAUnode@@V?$allocator@Unode@@@std@@@std@@QEAAX$$QEAUnode@@@Z 000000014000b504     unity_pathman.obj
 0004:00000510       $pdata$??$swap@Unode@@X@std@@YAXAEAUnode@@0@Z 000000014000b510     unity_pathman.obj
 0004:00000528       $pdata$??2@YAPEAX_K@Z      000000014000b528     msvcrt:new_scalar.obj
 0004:00000534       $pdata$??0exception@std@@QEAA@AEBV01@@Z 000000014000b534     msvcrt:throw_bad_alloc.obj
 0004:00000540       $pdata$??_Glength_error@std@@UEAAPEAXI@Z 000000014000b540     libcpmt:xthrow.obj
 0004:00000540       $pdata$??_Gexception@std@@UEAAPEAXI@Z 000000014000b540     msvcrt:throw_bad_alloc.obj
 0004:00000540       $pdata$??_Glogic_error@std@@UEAAPEAXI@Z 000000014000b540     libcpmt:xthrow.obj
 0004:00000540       $pdata$??_Gbad_alloc@std@@UEAAPEAXI@Z 000000014000b540     msvcrt:throw_bad_alloc.obj
 0004:00000540       $pdata$??_Gbad_array_new_length@std@@UEAAPEAXI@Z 000000014000b540     msvcrt:throw_bad_alloc.obj
 0004:0000054c       $pdata$??0bad_alloc@std@@QEAA@AEBV01@@Z 000000014000b54c     msvcrt:throw_bad_alloc.obj
 0004:00000558       $pdata$??0bad_array_new_length@std@@QEAA@AEBV01@@Z 000000014000b558     msvcrt:throw_bad_alloc.obj
 0004:00000564       $pdata$?__scrt_throw_std_bad_alloc@@YAXXZ 000000014000b564     msvcrt:throw_bad_alloc.obj
 0004:00000570       $pdata$?__scrt_throw_std_bad_array_new_length@@YAXXZ 000000014000b570     msvcrt:throw_bad_alloc.obj
 0004:0000057c       $pdata$??_Gtype_info@@UEAAPEAXI@Z 000000014000b57c     msvcrt:std_type_info_static.obj
 0004:00000588       $pdata$?_Xlength_error@std@@YAXPEBD@Z 000000014000b588     libcpmt:xthrow.obj
 0004:00000594       $pdata$??0logic_error@std@@QEAA@AEBV01@@Z 000000014000b594     libcpmt:xthrow.obj
 0004:000005a0       $pdata$??0length_error@std@@QEAA@PEBD@Z 000000014000b5a0     libcpmt:xthrow.obj
 0004:000005ac       $pdata$??0length_error@std@@QEAA@AEBV01@@Z 000000014000b5ac     libcpmt:xthrow.obj
